Component: ARM Compiler 5.06 update 7 (build 960) Tool: armlink [4d3601]

==============================================================================

Section Cross References

    startup_stm32f103xb.o(RESET) refers to startup_stm32f103xb.o(STACK) for __initial_sp
    startup_stm32f103xb.o(RESET) refers to startup_stm32f103xb.o(.text) for Reset_Handler
    startup_stm32f103xb.o(RESET) refers to stm32f1xx_it.o(i.NMI_Handler) for NMI_Handler
    startup_stm32f103xb.o(RESET) refers to stm32f1xx_it.o(i.HardFault_Handler) for HardFault_Handler
    startup_stm32f103xb.o(RESET) refers to stm32f1xx_it.o(i.MemManage_Handler) for MemManage_Handler
    startup_stm32f103xb.o(RESET) refers to stm32f1xx_it.o(i.BusFault_Handler) for BusFault_Handler
    startup_stm32f103xb.o(RESET) refers to stm32f1xx_it.o(i.UsageFault_Handler) for UsageFault_Handler
    startup_stm32f103xb.o(RESET) refers to port.o(.emb_text) for SVC_Handler
    startup_stm32f103xb.o(RESET) refers to stm32f1xx_it.o(i.DebugMon_Handler) for DebugMon_Handler
    startup_stm32f103xb.o(RESET) refers to stm32f1xx_it.o(i.SysTick_Handler) for SysTick_Handler
    startup_stm32f103xb.o(RESET) refers to sl3_rain.o(i.EXTI0_IRQHandler) for EXTI0_IRQHandler
    startup_stm32f103xb.o(RESET) refers to stm32f1xx_it.o(i.TIM1_UP_IRQHandler) for TIM1_UP_IRQHandler
    startup_stm32f103xb.o(RESET) refers to stm32f1xx_it.o(i.USART2_IRQHandler) for USART2_IRQHandler
    startup_stm32f103xb.o(.text) refers to system_stm32f1xx.o(i.SystemInit) for SystemInit
    startup_stm32f103xb.o(.text) refers to entry.o(.ARM.Collect$$$$00000000) for __main
    main.o(i.HAL_TIM_PeriodElapsedCallback) refers to stm32f1xx_hal.o(i.HAL_IncTick) for HAL_IncTick
    main.o(i.SystemClock_Config) refers to memseta.o(.text) for __aeabi_memclr4
    main.o(i.SystemClock_Config) refers to stm32f1xx_hal_rcc.o(i.HAL_RCC_OscConfig) for HAL_RCC_OscConfig
    main.o(i.SystemClock_Config) refers to stm32f1xx_hal_rcc.o(i.HAL_RCC_ClockConfig) for HAL_RCC_ClockConfig
    main.o(i.SystemClock_Config) refers to stm32f1xx_hal_rcc_ex.o(i.HAL_RCCEx_PeriphCLKConfig) for HAL_RCCEx_PeriphCLKConfig
    main.o(i.main) refers to stm32f1xx_hal.o(i.HAL_Init) for HAL_Init
    main.o(i.main) refers to main.o(i.SystemClock_Config) for SystemClock_Config
    main.o(i.main) refers to gpio.o(i.MX_GPIO_Init) for MX_GPIO_Init
    main.o(i.main) refers to usart.o(i.MX_USART1_UART_Init) for MX_USART1_UART_Init
    main.o(i.main) refers to usart.o(i.MX_USART2_UART_Init) for MX_USART2_UART_Init
    main.o(i.main) refers to rtc.o(i.MX_RTC_Init) for MX_RTC_Init
    main.o(i.main) refers to app_task.o(i.App_Task_FreeRTOSStart) for App_Task_FreeRTOSStart
    rtc.o(i.HAL_RTC_MspInit) refers to stm32f1xx_hal_pwr.o(i.HAL_PWR_EnableBkUpAccess) for HAL_PWR_EnableBkUpAccess
    rtc.o(i.MX_RTC_Init) refers to stm32f1xx_hal_rtc.o(i.HAL_RTC_Init) for HAL_RTC_Init
    rtc.o(i.MX_RTC_Init) refers to main.o(i.Error_Handler) for Error_Handler
    rtc.o(i.MX_RTC_Init) refers to stm32f1xx_hal_rtc.o(i.HAL_RTC_SetTime) for HAL_RTC_SetTime
    rtc.o(i.MX_RTC_Init) refers to stm32f1xx_hal_rtc.o(i.HAL_RTC_SetDate) for HAL_RTC_SetDate
    rtc.o(i.MX_RTC_Init) refers to rtc.o(.bss) for .bss
    usart.o(i.HAL_UART_MspDeInit) refers to stm32f1xx_hal_gpio.o(i.HAL_GPIO_DeInit) for HAL_GPIO_DeInit
    usart.o(i.HAL_UART_MspDeInit) refers to stm32f1xx_hal_cortex.o(i.HAL_NVIC_DisableIRQ) for HAL_NVIC_DisableIRQ
    usart.o(i.HAL_UART_MspInit) refers to stm32f1xx_hal_gpio.o(i.HAL_GPIO_Init) for HAL_GPIO_Init
    usart.o(i.HAL_UART_MspInit) refers to stm32f1xx_hal_cortex.o(i.HAL_NVIC_SetPriority) for HAL_NVIC_SetPriority
    usart.o(i.HAL_UART_MspInit) refers to stm32f1xx_hal_cortex.o(i.HAL_NVIC_EnableIRQ) for HAL_NVIC_EnableIRQ
    usart.o(i.MX_USART1_UART_Init) refers to stm32f1xx_hal_uart.o(i.HAL_UART_Init) for HAL_UART_Init
    usart.o(i.MX_USART1_UART_Init) refers to main.o(i.Error_Handler) for Error_Handler
    usart.o(i.MX_USART1_UART_Init) refers to usart.o(.bss) for .bss
    usart.o(i.MX_USART2_UART_Init) refers to stm32f1xx_hal_uart.o(i.HAL_UART_Init) for HAL_UART_Init
    usart.o(i.MX_USART2_UART_Init) refers to main.o(i.Error_Handler) for Error_Handler
    usart.o(i.MX_USART2_UART_Init) refers to usart.o(.bss) for .bss
    stm32f1xx_it.o(i.SysTick_Handler) refers to tasks.o(i.xTaskGetSchedulerState) for xTaskGetSchedulerState
    stm32f1xx_it.o(i.SysTick_Handler) refers to port.o(i.xPortSysTickHandler) for xPortSysTickHandler
    stm32f1xx_it.o(i.TIM1_UP_IRQHandler) refers to stm32f1xx_hal_tim.o(i.HAL_TIM_IRQHandler) for HAL_TIM_IRQHandler
    stm32f1xx_it.o(i.TIM1_UP_IRQHandler) refers to stm32f1xx_hal_timebase_tim.o(.bss) for htim1
    stm32f1xx_it.o(i.USART2_IRQHandler) refers to stm32f1xx_hal_uart.o(i.HAL_UART_IRQHandler) for HAL_UART_IRQHandler
    stm32f1xx_it.o(i.USART2_IRQHandler) refers to usart.o(.bss) for huart2
    stm32f1xx_hal_timebase_tim.o(i.HAL_InitTick) refers to stm32f1xx_hal_rcc.o(i.HAL_RCC_GetClockConfig) for HAL_RCC_GetClockConfig
[...]
    VIS_ProcessRawData                       0x080036b1   Thumb Code    68  dnq4v30.o(i.VIS_ProcessRawData)
    i.__0printf                              0x080036fc   Section        0  printfa.o(i.__0printf)
    i.__0snprintf                            0x0800371c   Section        0  printfa.o(i.__0snprintf)
    i.__NVIC_SetPriority                     0x08003750   Section        0  stm32f1xx_hal_cortex.o(i.__NVIC_SetPriority)
    __NVIC_SetPriority                       0x08003751   Thumb Code    32  stm32f1xx_hal_cortex.o(i.__NVIC_SetPriority)
    i.__aeabi_errno_addr                     0x08003770   Section        0  errno.o(i.__aeabi_errno_addr)
    i.__read_errno                           0x08003778   Section        0  errno.o(i.__read_errno)
    i.__scatterload_copy                     0x08003784   Section       14  handlers.o(i.__scatterload_copy)
    i.__scatterload_null                     0x08003792   Section        2  handlers.o(i.__scatterload_null)
    i.__scatterload_zeroinit                 0x08003794   Section       14  handlers.o(i.__scatterload_zeroinit)
    i.__set_errno                            0x080037a4   Section        0  errno.o(i.__set_errno)
    i._fp_digits                             0x080037b0   Section        0  printfa.o(i._fp_digits)
    _fp_digits                               0x080037b1   Thumb Code   366  printfa.o(i._fp_digits)
    i._is_digit                              0x08003934   Section        0  scanf_fp.o(i._is_digit)
    i._printf_core                           0x08003944   Section        0  printfa.o(i._printf_core)
    _printf_core                             0x08003945   Thumb Code  1704  printfa.o(i._printf_core)
    i._printf_post_padding                   0x08003ff8   Section        0  printfa.o(i._printf_post_padding)
    _printf_post_padding                     0x08003ff9   Thumb Code    36  printfa.o(i._printf_post_padding)
    i._printf_pre_padding                    0x0800401c   Section        0  printfa.o(i._printf_pre_padding)
    _printf_pre_padding                      0x0800401d   Thumb Code    46  printfa.o(i._printf_pre_padding)
    i._snputc                                0x0800404a   Section        0  printfa.o(i._snputc)
    _snputc                                  0x0800404b   Thumb Code    22  printfa.o(i._snputc)
    i.atof                                   0x08004060   Section        0  atof.o(i.atof)
    i.calculate_checksum                     0x0800408a   Section        0  com_config.o(i.calculate_checksum)
    i.fputc                                  0x0800409c   Section        0  com_config.o(i.fputc)
    i.main                                   0x080040b4   Section        0  main.o(i.main)
    i.pack_data                              0x080040d4   Section        0  com_config.o(i.pack_data)
    i.prvAddCurrentTaskToDelayedList         0x08004100   Section        0  tasks.o(i.prvAddCurrentTaskToDelayedList)
    prvAddCurrentTaskToDelayedList           0x08004101   Thumb Code   128  tasks.o(i.prvAddCurrentTaskToDelayedList)
    i.prvAddNewTaskToReadyList               0x08004188   Section        0  tasks.o(i.prvAddNewTaskToReadyList)
    prvAddNewTaskToReadyList                 0x08004189   Thumb Code   224  tasks.o(i.prvAddNewTaskToReadyList)
    i.prvCheckForValidListAndQueue           0x08004278   Section        0  timers.o(i.prvCheckForValidListAndQueue)
    prvCheckForValidListAndQueue             0x08004279   Thumb Code    54  timers.o(i.prvCheckForValidListAndQueue)
    i.prvCopyDataFromQueue                   0x080042b8   Section        0  queue.o(i.prvCopyDataFromQueue)
    prvCopyDataFromQueue                     0x080042b9   Thumb Code    38  queue.o(i.prvCopyDataFromQueue)
    i.prvCopyDataToQueue                     0x080042de   Section        0  queue.o(i.prvCopyDataToQueue)
    prvCopyDataToQueue                       0x080042df   Thumb Code   108  queue.o(i.prvCopyDataToQueue)
    i.prvDeleteTCB                           0x0800434a   Section        0  tasks.o(i.prvDeleteTCB)
    prvDeleteTCB                             0x0800434b   Thumb Code    20  tasks.o(i.prvDeleteTCB)
    i.prvHeapInit                            0x08004360   Section        0  heap_4.o(i.prvHeapInit)
    prvHeapInit                              0x08004361   Thumb Code    60  heap_4.o(i.prvHeapInit)
    i.prvIdleTask                            0x080043a4   Section        0  tasks.o(i.prvIdleTask)
    prvIdleTask                              0x080043a5   Thumb Code    82  tasks.o(i.prvIdleTask)
    i.prvInitialiseNewTask                   0x08004404   Section        0  tasks.o(i.prvInitialiseNewTask)
    prvInitialiseNewTask                     0x08004405   Thumb Code   132  tasks.o(i.prvInitialiseNewTask)
    i.prvInsertBlockIntoFreeList             0x08004488   Section        0  heap_4.o(i.prvInsertBlockIntoFreeList)
    prvInsertBlockIntoFreeList               0x08004489   Thumb Code    72  heap_4.o(i.prvInsertBlockIntoFreeList)
    i.prvInsertTimerInActiveList             0x080044d4   Section        0  timers.o(i.prvInsertTimerInActiveList)
    prvInsertTimerInActiveList               0x080044d5   Thumb Code    52  timers.o(i.prvInsertTimerInActiveList)
    i.prvIsQueueEmpty                        0x0800450c   Section        0  queue.o(i.prvIsQueueEmpty)
    prvIsQueueEmpty                          0x0800450d   Thumb Code    28  queue.o(i.prvIsQueueEmpty)
    i.prvProcessExpiredTimer                 0x08004528   Section        0  timers.o(i.prvProcessExpiredTimer)
    prvProcessExpiredTimer                   0x08004529   Thumb Code    58  timers.o(i.prvProcessExpiredTimer)
    i.prvProcessReceivedCommands             0x08004568   Section        0  timers.o(i.prvProcessReceivedCommands)
    prvProcessReceivedCommands               0x08004569   Thumb Code   204  timers.o(i.prvProcessReceivedCommands)
    i.prvProcessTimerOrBlockTask             0x08004638   Section        0  timers.o(i.prvProcessTimerOrBlockTask)
    prvProcessTimerOrBlockTask               0x08004639   Thumb Code    98  timers.o(i.prvProcessTimerOrBlockTask)
    i.prvReloadTimer                         0x080046a4   Section        0  timers.o(i.prvReloadTimer)
    prvReloadTimer                           0x080046a5   Thumb Code    40  timers.o(i.prvReloadTimer)
    i.prvResetNextTaskUnblockTime            0x080046cc   Section        0  tasks.o(i.prvResetNextTaskUnblockTime)
    prvResetNextTaskUnblockTime              0x080046cd   Thumb Code    24  tasks.o(i.prvResetNextTaskUnblockTime)
    i.prvSampleTimeNow                       0x080046e8   Section        0  timers.o(i.prvSampleTimeNow)
    prvSampleTimeNow                         0x080046e9   Thumb Code    66  timers.o(i.prvSampleTimeNow)
    i.prvTaskExitError                       0x08004730   Section        0  port.o(i.prvTaskExitError)
    prvTaskExitError                         0x08004731   Thumb Code    16  port.o(i.prvTaskExitError)
    i.prvTimerTask                           0x08004740   Section        0  timers.o(i.prvTimerTask)
    prvTimerTask                             0x08004741   Thumb Code    32  timers.o(i.prvTimerTask)
    i.prvUnlockQueue                         0x08004764   Section        0  queue.o(i.prvUnlockQueue)
    prvUnlockQueue                           0x08004765   Thumb Code   106  queue.o(i.prvUnlockQueue)
    i.pvPortMalloc                           0x080047d0   Section        0  heap_4.o(i.pvPortMalloc)
    i.pvTaskIncrementMutexHeldCount          0x08004868   Section        0  tasks.o(i.pvTaskIncrementMutexHeldCount)
    i.pxPortInitialiseStack                  0x08004880   Section        0  port.o(i.pxPortInitialiseStack)
    i.save_to_flash                          0x080048a4   Section        0  debug.o(i.save_to_flash)
    i.uxListRemove                           0x080048d6   Section        0  list.o(i.uxListRemove)
    i.uxTaskGetNumberOfTasks                 0x080048fc   Section        0  tasks.o(i.uxTaskGetNumberOfTasks)
    i.vListInitialise                        0x08004908   Section        0  list.o(i.vListInitialise)
    i.vListInitialiseItem                    0x0800491e   Section        0  list.o(i.vListInitialiseItem)
    i.vListInsert                            0x08004924   Section        0  list.o(i.vListInsert)
    i.vListInsertEnd                         0x08004954   Section        0  list.o(i.vListInsertEnd)
    i.vPortEnterCritical                     0x0800496c   Section        0  port.o(i.vPortEnterCritical)
    i.vPortExitCritical                      0x08004988   Section        0  port.o(i.vPortExitCritical)
    i.vPortFree                              0x0800499c   Section        0  heap_4.o(i.vPortFree)
    i.vPortSetupTimerInterrupt               0x080049e0   Section        0  port.o(i.vPortSetupTimerInterrupt)
    i.vQueueWaitForMessageRestricted         0x080049f8   Section        0  queue.o(i.vQueueWaitForMessageRestricted)
    i.vTaskDelete                            0x08004a3c   Section        0  tasks.o(i.vTaskDelete)
    i.vTaskInternalSetTimeOutState           0x08004adc   Section        0  tasks.o(i.vTaskInternalSetTimeOutState)
    i.vTaskMissedYield                       0x08004aec   Section        0  tasks.o(i.vTaskMissedYield)
    i.vTaskPlaceOnEventList                  0x08004af8   Section        0  tasks.o(i.vTaskPlaceOnEventList)
    i.vTaskPlaceOnEventListRestricted        0x08004b18   Section        0  tasks.o(i.vTaskPlaceOnEventListRestricted)
    i.vTaskPriorityDisinheritAfterTimeout    0x08004b58   Section        0  tasks.o(i.vTaskPriorityDisinheritAfterTimeout)
    i.vTaskStartScheduler                    0x08004bf4   Section        0  tasks.o(i.vTaskStartScheduler)
    i.vTaskSuspendAll                        0x08004c4c   Section        0  tasks.o(i.vTaskSuspendAll)
    i.vTaskSwitchContext                     0x08004c5c   Section        0  tasks.o(i.vTaskSwitchContext)
    i.xPortStartScheduler                    0x08004ca0   Section        0  port.o(i.xPortStartScheduler)
    i.xPortSysTickHandler                    0x08004cd0   Section        0  port.o(i.xPortSysTickHandler)
    i.xQueueGenericCreate                    0x08004cfc   Section        0  queue.o(i.xQueueGenericCreate)
    i.xQueueGenericReset                     0x08004d4c   Section        0  queue.o(i.xQueueGenericReset)
    i.xQueueGenericSend                      0x08004de0   Section        0  queue.o(i.xQueueGenericSend)
    i.xQueueGenericSendFromISR               0x08004ed8   Section        0  queue.o(i.xQueueGenericSendFromISR)
    i.xQueueReceive                          0x08004f48   Section        0  queue.o(i.xQueueReceive)
    i.xQueueSemaphoreTake                    0x08005038   Section        0  queue.o(i.xQueueSemaphoreTake)
    i.xTaskCheckForTimeOut                   0x08005160   Section        0  tasks.o(i.xTaskCheckForTimeOut)
    i.xTaskCreate                            0x080051b8   Section        0  tasks.o(i.xTaskCreate)
    i.xTaskDelayUntil                        0x08005214   Section        0  tasks.o(i.xTaskDelayUntil)
    i.xTaskGetSchedulerState                 0x0800526c   Section        0  tasks.o(i.xTaskGetSchedulerState)
    i.xTaskGetTickCount                      0x08005288   Section        0  tasks.o(i.xTaskGetTickCount)
    i.xTaskIncrementTick                     0x08005294   Section        0  tasks.o(i.xTaskIncrementTick)
    i.xTaskPriorityDisinherit                0x080053b8   Section        0  tasks.o(i.xTaskPriorityDisinherit)
    i.xTaskPriorityInherit                   0x08005444   Section        0  tasks.o(i.xTaskPriorityInherit)
    i.xTaskRemoveFromEventList               0x080054f4   Section        0  tasks.o(i.xTaskRemoveFromEventList)
    i.xTaskResumeAll                         0x080055c0   Section        0  tasks.o(i.xTaskResumeAll)
    i.xTimerCreateTimerTask                  0x080056dc   Section        0  timers.o(i.xTimerCreateTimerTask)
    .constdata                               0x08005718   Section       18  stm32f1xx_hal_rcc.o(.constdata)
    aPredivFactorTable                       0x08005718   Data           2  stm32f1xx_hal_rcc.o(.constdata)
    aPLLMULFactorTable                       0x0800571a   Data          16  stm32f1xx_hal_rcc.o(.constdata)
    .constdata                               0x0800572a   Section       18  stm32f1xx_hal_rcc_ex.o(.constdata)
    aPredivFactorTable                       0x0800572a   Data           2  stm32f1xx_hal_rcc_ex.o(.constdata)
    aPLLMULFactorTable                       0x0800572c   Data          16  stm32f1xx_hal_rcc_ex.o(.constdata)
    .constdata                               0x0800573c   Section       16  system_stm32f1xx.o(.constdata)
    .constdata                               0x0800574c   Section        8  system_stm32f1xx.o(.constdata)
    .constdata                               0x08005754   Section      129  ctype_o.o(.constdata)
    .constdata                               0x080057d8   Section        4  ctype_o.o(.constdata)
    table                                    0x080057d8   Data           4  ctype_o.o(.constdata)
    .data                                    0x20000000   Section       12  stm32f1xx_hal.o(.data)
    .data                                    0x2000000c   Section        4  system_stm32f1xx.o(.data)
    .data                                    0x20000010   Section        4  port.o(.data)
    uxCriticalNesting                        0x20000010   Data           4  port.o(.data)
    .data                                    0x20000014   Section       28  heap_4.o(.data)
    pxEnd                                    0x20000014   Data           4  heap_4.o(.data)
    xFreeBytesRemaining                      0x20000018   Data           4  heap_4.o(.data)
    xMinimumEverFreeBytesRemaining           0x2000001c   Data           4  heap_4.o(.data)
    xNumberOfSuccessfulAllocations           0x20000020   Data           4  heap_4.o(.data)
    xNumberOfSuccessfulFrees                 0x20000024   Data           4  heap_4.o(.data)
    xStart                                   0x20000028   Data           8  heap_4.o(.data)
    .data                                    0x20000030   Section       64  tasks.o(.data)
    uxDeletedTasksWaitingCleanUp             0x20000034   Data           4  tasks.o(.data)
    uxCurrentNumberOfTasks                   0x20000038   Data           4  tasks.o(.data)
    xTickCount                               0x2000003c   Data           4  tasks.o(.data)
    uxTopReadyPriority                       0x20000040   Data           4  tasks.o(.data)
    xSchedulerRunning                        0x20000044   Data           4  tasks.o(.data)
    xPendedTicks                             0x20000048   Data           4  tasks.o(.data)
    xYieldPending                            0x2000004c   Data           4  tasks.o(.data)
    xNumOfOverflows                          0x20000050   Data           4  tasks.o(.data)
    uxTaskNumber                             0x20000054   Data           4  tasks.o(.data)
    xNextTaskUnblockTime                     0x20000058   Data           4  tasks.o(.data)
    xIdleTaskHandle                          0x2000005c   Data           4  tasks.o(.data)
    uxSchedulerSuspended                     0x20000064   Data           4  tasks.o(.data)
    pxDelayedTaskList                        0x20000068   Data           4  tasks.o(.data)
    pxOverflowDelayedTaskList                0x2000006c   Data           4  tasks.o(.data)
    .data                                    0x20000070   Section       20  timers.o(.data)
    xTimerQueue                              0x20000070   Data           4  timers.o(.data)
    xTimerTaskHandle                         0x20000074   Data           4  timers.o(.data)
    xLastTime                                0x20000078   Data           4  timers.o(.data)
    pxCurrentTimerList                       0x2000007c   Data           4  timers.o(.data)
    pxOverflowTimerList                      0x20000080   Data           4  timers.o(.data)
    .data                                    0x20000084   Section       16  app_task.o(.data)
    .data                                    0x20000094   Section        2  com_config.o(.data)
    .data                                    0x20000096   Section        6  com_config.o(.data)
    .data                                    0x2000009c   Section        2  com_config.o(.data)
    .data                                    0x200000a0   Section       12  sl3_rain.o(.data)
    xRainQueue                               0x200000a0   Data           4  sl3_rain.o(.data)
    sensor_data                              0x200000a4   Data           8  sl3_rain.o(.data)
    .data                                    0x200000ac   Section        4  strtok.o(.data)
    state                                    0x200000ac   Data           4  strtok.o(.data)
    .data                                    0x200000b0   Section        4  stdout.o(.data)
    .data                                    0x200000b4   Section        4  errno.o(.data)
    _errno                                   0x200000b4   Data           4  errno.o(.data)
    .bss                                     0x200000b8   Section       20  rtc.o(.bss)
    .bss                                     0x200000cc   Section      144  usart.o(.bss)
    .bss                                     0x2000015c   Section       72  stm32f1xx_hal_timebase_tim.o(.bss)
    .bss                                     0x200001a8   Section       32  stm32f1xx_hal_flash.o(.bss)
    .bss                                     0x200001c8   Section    12288  heap_4.o(.bss)
    ucHeap                                   0x200001c8   Data       12288  heap_4.o(.bss)
    .bss                                     0x200031c8   Section      740  tasks.o(.bss)
    pxReadyTasksLists                        0x200031c8   Data         640  tasks.o(.bss)
    xDelayedTaskList1                        0x20003448   Data          20  tasks.o(.bss)
    xDelayedTaskList2                        0x2000345c   Data          20  tasks.o(.bss)
    xPendingReadyList                        0x20003470   Data          20  tasks.o(.bss)
    xTasksWaitingTermination                 0x20003484   Data          20  tasks.o(.bss)
    xSuspendedTaskList                       0x20003498   Data          20  tasks.o(.bss)
    .bss                                     0x200034ac   Section       40  timers.o(.bss)
    xActiveTimerList1                        0x200034ac   Data          20  timers.o(.bss)
    xActiveTimerList2                        0x200034c0   Data          20  timers.o(.bss)
    .bss                                     0x200034d4   Section      620  app_task.o(.bss)
    .bss                                     0x20003740   Section      284  app_task.o(.bss)
    .bss                                     0x2000385c   Section      288  app_task.o(.bss)
    .bss                                     0x2000397c   Section       32  com_config.o(.bss)
    STACK                                    0x200039a0   Section     1024  startup_stm32f103xb.o(STACK)

    Global Symbols

    Symbol Name                              Value     Ov Type        Size  Object(Section)

    BuildAttributes$$THM_ISAv4$P$D$K$B$S$PE$A:L22UL41UL21$X:L11$S22US41US21$IEEE1$IW$USESV6$~STKCKD$USESV7$~SHL$OTIME$ROPI$IEEEJ$EBA8$MICROLIB$REQ8$PRES8$EABIv2 0x00000000   Number         0  anon$$obj.o ABSOLUTE
    __ARM_use_no_argv                        0x00000000   Number         0  main.o ABSOLUTE
    _printf_a                                0x00000000   Number         0  stubs.o ABSOLUTE
    _printf_c                                0x00000000   Number         0  stubs.o ABSOLUTE
    _printf_charcount                        0x00000000   Number         0  stubs.o ABSOLUTE
    _printf_d                                0x00000000   Number         0  stubs.o ABSOLUTE
    _printf_e                                0x00000000   Number         0  stubs.o ABSOLUTE
    _printf_f                                0x00000000   Number         0  stubs.o ABSOLUTE
    _printf_flags                            0x00000000   Number         0  stubs.o ABSOLUTE
    _printf_fp_dec                           0x00000000   Number         0  stubs.o ABSOLUTE
    _printf_fp_hex                           0x00000000   Number         0  stubs.o ABSOLUTE
    _printf_g                                0x00000000   Number         0  stubs.o ABSOLUTE
    _printf_i                                0x00000000   Number         0  stubs.o ABSOLUTE
    _printf_int_dec                          0x00000000   Number         0  stubs.o ABSOLUTE
    _printf_l                                0x00000000   Number         0  stubs.o ABSOLUTE
    _printf_lc                               0x00000000   Number         0  stubs.o ABSOLUTE
    _printf_ll                               0x00000000   Number         0  stubs.o ABSOLUTE
    _printf_lld                              0x00000000   Number         0  stubs.o ABSOLUTE
    _printf_lli                              0x00000000   Number         0  stubs.o ABSOLUTE
    _printf_llo                              0x00000000   Number         0  stubs.o ABSOLUTE
    _printf_llu                              0x00000000   Number         0  stubs.o ABSOLUTE
    _printf_llx                              0x00000000   Number         0  stubs.o ABSOLUTE
    _printf_longlong_dec                     0x00000000   Number         0  stubs.o ABSOLUTE
    _printf_longlong_hex                     0x00000000   Number         0  stubs.o ABSOLUTE
    _printf_longlong_oct                     0x00000000   Number         0  stubs.o ABSOLUTE
    _printf_ls                               0x00000000   Number         0  stubs.o ABSOLUTE
    _printf_mbtowc                           0x00000000   Number         0  stubs.o ABSOLUTE
    _printf_n                                0x00000000   Number         0  stubs.o ABSOLUTE
    _printf_o                                0x00000000   Number         0  stubs.o ABSOLUTE
    _printf_p                                0x00000000   Number         0  stubs.o ABSOLUTE
    _printf_percent                          0x00000000   Number         0  stubs.o ABSOLUTE
    _printf_pre_padding                      0x00000000   Number         0  stubs.o ABSOLUTE
    _printf_return_value                     0x00000000   Number         0  stubs.o ABSOLUTE
    _printf_s                                0x00000000   Number         0  stubs.o ABSOLUTE
    _printf_sizespec                         0x00000000   Number         0  stubs.o ABSOLUTE
    _printf_str                              0x00000000   Number         0  stubs.o ABSOLUTE
    _printf_truncate_signed                  0x00000000   Number         0  stubs.o ABSOLUTE
    _printf_truncate_unsigned                0x00000000   Number         0  stubs.o ABSOLUTE
    _printf_u                                0x00000000   Number         0  stubs.o ABSOLUTE
    _printf_wc                               0x00000000   Number         0  stubs.o ABSOLUTE
    _printf_wctomb                           0x00000000   Number         0  stubs.o ABSOLUTE
    _printf_widthprec                        0x00000000   Number         0  stubs.o ABSOLUTE
    _printf_x                                0x00000000   Number         0  stubs.o ABSOLUTE
    __arm_fini_                               - Undefined Weak Reference
    __cpp_initialize__aeabi_                  - Undefined Weak Reference
    __cxa_finalize                            - Undefined Weak Reference
    __decompress                              - Undefined Weak Reference
    _clock_init                               - Undefined Weak Reference
    _microlib_exit                            - Undefined Weak Reference
    __Vectors_Size                           0x000000ec   Number         0  startup_stm32f103xb.o ABSOLUTE
    __Vectors                                0x08000000   Data           4  startup_stm32f103xb.o(RESET)
    __Vectors_End                            0x080000ec   Data           0  startup_stm32f103xb.o(RESET)
    __main                                   0x080000ed   Thumb Code     0  entry.o(.ARM.Collect$$$$00000000)
    _main_stk                                0x080000ed   Thumb Code     0  entry2.o(.ARM.Collect$$$$00000001)
    _main_scatterload                        0x080000f1   Thumb Code     0  entry5.o(.ARM.Collect$$$$00000004)
    __main_after_scatterload                 0x080000f5   Thumb Code     0  entry5.o(.ARM.Collect$$$$00000004)
    _main_clock                              0x080000f5   Thumb Code     0  entry7b.o(.ARM.Collect$$$$00000008)
    _main_cpp_init                           0x080000f5   Thumb Code     0  entry8b.o(.ARM.Collect$$$$0000000A)
    _main_init                               0x080000f5   Thumb Code     0  entry9a.o(.ARM.Collect$$$$0000000B)
    __rt_lib_shutdown_fini                   0x080000fd   Thumb Code     0  entry12b.o(.ARM.Collect$$$$0000000E)
    __rt_final_cpp                           0x08000101   Thumb Code     0  entry10a.o(.ARM.Collect$$$$0000000F)
    __rt_final_exit                          0x08000101   Thumb Code     0  entry11a.o(.ARM.Collect$$$$00000011)
    SVC_Handler                              0x08000105   Thumb Code    32  port.o(.emb_text)
    __asm___6_port_c_39a90d8d__prvStartFirstTask 0x08000129   Thumb Code    28  port.o(.emb_text)
    PendSV_Handler                           0x08000149   Thumb Code    72  port.o(.emb_text)
    vPortGetIPSR                             0x08000195   Thumb Code     6  port.o(.emb_text)
    Reset_Handler                            0x0800019d   Thumb Code     8  startup_stm32f103xb.o(.text)
    ADC1_2_IRQHandler                        0x080001b7   Thumb Code     0  startup_stm32f103xb.o(.text)
    CAN1_RX1_IRQHandler                      0x080001b7   Thumb Code     0  startup_stm32f103xb.o(.text)
    CAN1_SCE_IRQHandler                      0x080001b7   Thumb Code     0  startup_stm32f103xb.o(.text)
    DMA1_Channel1_IRQHandler                 0x080001b7   Thumb Code     0  startup_stm32f103xb.o(.text)
    DMA1_Channel2_IRQHandler                 0x080001b7   Thumb Code     0  startup_stm32f103xb.o(.text)
    DMA1_Channel3_IRQHandler                 0x080001b7   Thumb Code     0  startup_stm32f103xb.o(.text)
    DMA1_Channel4_IRQHandler                 0x080001b7   Thumb Code     0  startup_stm32f103xb.o(.text)
    DMA1_Channel5_IRQHandler                 0x080001b7   Thumb Code     0  startup_stm32f103xb.o(.text)
    DMA1_Channel6_IRQHandler                 0x080001b7   Thumb Code     0  startup_stm32f103xb.o(.text)
    DMA1_Channel7_IRQHandler                 0x080001b7   Thumb Code     0  startup_stm32f103xb.o(.text)
    EXTI15_10_IRQHandler                     0x080001b7   Thumb Code     0  startup_stm32f103xb.o(.text)
    EXTI1_IRQHandler                         0x080001b7   Thumb Code     0  startup_stm32f103xb.o(.text)
    EXTI2_IRQHandler                         0x080001b7   Thumb Code     0  startup_stm32f103xb.o(.text)
    EXTI3_IRQHandler                         0x080001b7   Thumb Code     0  startup_stm32f103xb.o(.text)
    EXTI4_IRQHandler                         0x080001b7   Thumb Code     0  startup_stm32f103xb.o(.text)
    EXTI9_5_IRQHandler                       0x080001b7   Thumb Code     0  startup_stm32f103xb.o(.text)
    FLASH_IRQHandler                         0x080001b7   Thumb Code     0  startup_stm32f103xb.o(.text)
    I2C1_ER_IRQHandler                       0x080001b7   Thumb Code     0  startup_stm32f103xb.o(.text)
    I2C1_EV_IRQHandler                       0x080001b7   Thumb Code     0  startup_stm32f103xb.o(.text)
    I2C2_ER_IRQHandler                       0x080001b7   Thumb Code     0  startup_stm32f103xb.o(.text)
    I2C2_EV_IRQHandler                       0x080001b7   Thumb Code     0  startup_stm32f103xb.o(.text)
    PVD_IRQHandler                           0x080001b7   Thumb Code     0  startup_stm32f103xb.o(.text)
    RCC_IRQHandler                           0x080001b7   Thumb Code     0  startup_stm32f103xb.o(.text)
    RTC_Alarm_IRQHandler                     0x080001b7   Thumb Code     0  startup_stm32f103xb.o(.text)
    RTC_IRQHandler                           0x080001b7   Thumb Code     0  startup_stm32f103xb.o(.text)
    SPI1_IRQHandler                          0x080001b7   Thumb Code     0  startup_stm32f103xb.o(.text)
    SPI2_IRQHandler                          0x080001b7   Thumb Code     0  startup_stm32f103xb.o(.text)
    TAMPER_IRQHandler                        0x080001b7   Thumb Code     0  startup_stm32f103xb.o(.text)
    TIM1_BRK_IRQHandler                      0x080001b7   Thumb Code     0  startup_stm32f103xb.o(.text)
    TIM1_CC_IRQHandler                       0x080001b7   Thumb Code     0  startup_stm32f103xb.o(.text)
    TIM1_TRG_COM_IRQHandler                  0x080001b7   Thumb Code     0  startup_stm32f103xb.o(.text)
    TIM2_IRQHandler                          0x080001b7   Thumb Code     0  startup_stm32f103xb.o(.text)
    TIM3_IRQHandler                          0x080001b7   Thumb Code     0  startup_stm32f103xb.o(.text)
    TIM4_IRQHandler                          0x080001b7   Thumb Code     0  startup_stm32f103xb.o(.text)
    USART1_IRQHandler                        0x080001b7   Thumb Code     0  startup_stm32f103xb.o(.text)
    USART3_IRQHandler                        0x080001b7   Thumb Code     0  startup_stm32f103xb.o(.text)
    USBWakeUp_IRQHandler                     0x080001b7   Thumb Code     0  startup_stm32f103xb.o(.text)
    USB_HP_CAN1_TX_IRQHandler                0x080001b7   Thumb Code     0  startup_stm32f103xb.o(.text)
    USB_LP_CAN1_RX0_IRQHandler               0x080001b7   Thumb Code     0  startup_stm32f103xb.o(.text)
    WWDG_IRQHandler                          0x080001b7   Thumb Code     0  startup_stm32f103xb.o(.text)
    __aeabi_llsr                             0x080001c1   Thumb Code    32  llushr.o(.text)
    _ll_ushift_r                             0x080001c1   Thumb Code     0  llushr.o(.text)
    __aeabi_memcpy                           0x080001e1   Thumb Code    36  memcpya.o(.text)
    __aeabi_memcpy4                          0x080001e1   Thumb Code     0  memcpya.o(.text)
    __aeabi_memcpy8                          0x080001e1   Thumb Code     0  memcpya.o(.text)
    __aeabi_memset                           0x08000205   Thumb Code    14  memseta.o(.text)
    __aeabi_memset4                          0x08000205   Thumb Code     0  memseta.o(.text)
    __aeabi_memset8                          0x08000205   Thumb Code     0  memseta.o(.text)
    __aeabi_memclr                           0x08000213   Thumb Code     4  memseta.o(.text)
    __aeabi_memclr4                          0x08000213   Thumb Code     0  memseta.o(.text)
    __aeabi_memclr8                          0x08000213   Thumb Code     0  memseta.o(.text)
    _memset$wrapper                          0x08000217   Thumb Code    18  memseta.o(.text)
    strncpy                                  0x08000229   Thumb Code    24  strncpy.o(.text)
    strcmp                                   0x08000241   Thumb Code    28  strcmp.o(.text)
    strncmp                                  0x0800025d   Thumb Code    30  strncmp.o(.text)
    strtok                                   0x0800027d   Thumb Code    62  strtok.o(.text)
    strtoul                                  0x080002c1   Thumb Code   114  strtoul.o(.text)
    atoi                                     0x08000333   Thumb Code    26  atoi.o(.text)
    atol                                     0x0800034d   Thumb Code    26  atol.o(.text)
    __aeabi_fadd                             0x08000367   Thumb Code   164  fadd.o(.text)
    __aeabi_fsub                             0x0800040b   Thumb Code     6  fadd.o(.text)
    __aeabi_frsub                            0x08000411   Thumb Code     6  fadd.o(.text)
    __aeabi_fdiv                             0x08000417   Thumb Code   124  fdiv.o(.text)
    __aeabi_ddiv                             0x08000493   Thumb Code   222  ddiv.o(.text)
    __aeabi_f2iz                             0x08000571   Thumb Code    50  ffixi.o(.text)
    __aeabi_f2d                              0x080005a3   Thumb Code    38  f2d.o(.text)
    __aeabi_d2f                              0x080005c9   Thumb Code    56  d2f.o(.text)
    __aeabi_uidiv                            0x08000601   Thumb Code     0  uidiv.o(.text)
    __aeabi_uidivmod                         0x08000601   Thumb Code    44  uidiv.o(.text)
    __aeabi_uldivmod                         0x0800062d   Thumb Code    98  uldiv.o(.text)
    __rt_ctype_table                         0x08000691   Thumb Code     4  ctype_o.o(.text)
    isspace                                  0x08000699   Thumb Code    18  isspace_o.o(.text)
    _strtoul                                 0x080006ab   Thumb Code   158  _strtoul.o(.text)
    __strtod_int                             0x0800077f   Thumb Code    90  strtod.o(.text)
    strtol                                   0x080007e5   Thumb Code   112  strtol.o(.text)
    __I$use$fp                               0x08000855   Thumb Code     0  iusefp.o(.text)
    _float_round                             0x08000855   Thumb Code    18  fepilogue.o(.text)
    _float_epilogue                          0x08000867   Thumb Code    92  fepilogue.o(.text)
    _double_round                            0x080008c3   Thumb Code    30  depilogue.o(.text)
    _double_epilogue                         0x080008e1   Thumb Code   156  depilogue.o(.text)
    __aeabi_dadd                             0x0800097d   Thumb Code   322  dadd.o(.text)
    __aeabi_dsub                             0x08000abf   Thumb Code     6  dadd.o(.text)
    __aeabi_drsub                            0x08000ac5   Thumb Code     6  dadd.o(.text)
    __aeabi_dmul                             0x08000acb   Thumb Code   228  dmul.o(.text)
    __aeabi_d2ulz                            0x08000baf   Thumb Code    48  dfixul.o(.text)
    __aeabi_cdrcmple                         0x08000be1   Thumb Code    48  cdrcmple.o(.text)
    __scatterload                            0x08000c11   Thumb Code    28  init.o(.text)
    __scatterload_rt2                        0x08000c11   Thumb Code     0  init.o(.text)
    __aeabi_llsl                             0x08000c35   Thumb Code    30  llshl.o(.text)
    _ll_shift_l                              0x08000c35   Thumb Code     0  llshl.o(.text)
    __aeabi_lasr                             0x08000c53   Thumb Code    36  llsshr.o(.text)
    _ll_sshift_r                             0x08000c53   Thumb Code     0  llsshr.o(.text)
    _chval                                   0x08000c77   Thumb Code    28  _chval.o(.text)
    _scanf_real                              0x08000dbd   Thumb Code     0  scanf_fp.o(.text)
    _scanf_really_real                       0x08000dbd   Thumb Code   556  scanf_fp.o(.text)
    _sgetc                                   0x08000ff5   Thumb Code    30  _sgetc.o(.text)
    _sbackspace                              0x08001013   Thumb Code    34  _sgetc.o(.text)
    __aeabi_ul2d                             0x08001035   Thumb Code    24  dfltul.o(.text)
    App_Task_FreeRTOSStart                   0x0800104d   Thumb Code    52  app_task.o(i.App_Task_FreeRTOSStart)
    BusFault_Handler                         0x080010dd   Thumb Code     2  stm32f1xx_it.o(i.BusFault_Handler)
    CheckRange                               0x080010df   Thumb Code    16  com_math.o(i.CheckRange)
    DebugMon_Handler                         0x080010ef   Thumb Code     2  stm32f1xx_it.o(i.DebugMon_Handler)
    Debug_Driver_Init                        0x08001121   Thumb Code    60  debug.o(i.Debug_Driver_Init)
    Debug_Receive_Process                    0x08001175   Thumb Code    70  debug.o(i.Debug_Receive_Process)
    EXTI0_IRQHandler                         0x080012d9   Thumb Code     6  sl3_rain.o(i.EXTI0_IRQHandler)
    Error_Handler                            0x080012df   Thumb Code     4  main.o(i.Error_Handler)
    FLASH_PageErase                          0x08001309   Thumb Code    28  stm32f1xx_hal_flash_ex.o(i.FLASH_PageErase)
    FLASH_WaitForLastOperation               0x080013a5   Thumb Code    80  stm32f1xx_hal_flash.o(i.FLASH_WaitForLastOperation)
    GetTimestampNow                          0x080013f9   Thumb Code    86  com_config.o(i.GetTimestampNow)
    HAL_DMA_Abort                            0x08001471   Thumb Code    70  stm32f1xx_hal_dma.o(i.HAL_DMA_Abort)
    HAL_DMA_Abort_IT                         0x080014b9   Thumb Code   148  stm32f1xx_hal_dma.o(i.HAL_DMA_Abort_IT)
    HAL_FLASHEx_Erase                        0x08001551   Thumb Code   160  stm32f1xx_hal_flash_ex.o(i.HAL_FLASHEx_Erase)
    HAL_FLASH_Lock                           0x080015f9   Thumb Code    14  stm32f1xx_hal_flash.o(i.HAL_FLASH_Lock)
    HAL_FLASH_Program                        0x0800160d   Thumb Code   120  stm32f1xx_hal_flash.o(i.HAL_FLASH_Program)
    HAL_FLASH_Unlock                         0x0800168d   Thumb Code    28  stm32f1xx_hal_flash.o(i.HAL_FLASH_Unlock)
    HAL_GPIO_EXTI_Callback                   0x080016b5   Thumb Code    76  sl3_rain.o(i.HAL_GPIO_EXTI_Callback)
    HAL_GPIO_EXTI_IRQHandler                 0x08001711   Thumb Code    18  stm32f1xx_hal_gpio.o(i.HAL_GPIO_EXTI_IRQHandler)
    HAL_GPIO_Init                            0x08001729   Thumb Code   446  stm32f1xx_hal_gpio.o(i.HAL_GPIO_Init)
    HAL_GPIO_ReadPin                         0x08001909   Thumb Code    10  stm32f1xx_hal_gpio.o(i.HAL_GPIO_ReadPin)
    HAL_GetTick                              0x08001915   Thumb Code     6  stm32f1xx_hal.o(i.HAL_GetTick)
    HAL_IncTick                              0x08001921   Thumb Code    12  stm32f1xx_hal.o(i.HAL_IncTick)
    HAL_Init                                 0x08001931   Thumb Code    32  stm32f1xx_hal.o(i.HAL_Init)
    HAL_InitTick                             0x08001955   Thumb Code   118  stm32f1xx_hal_timebase_tim.o(i.HAL_InitTick)
    HAL_MspInit                              0x080019e1   Thumb Code    52  stm32f1xx_hal_msp.o(i.HAL_MspInit)
    HAL_NVIC_EnableIRQ                       0x08001a1d   Thumb Code    26  stm32f1xx_hal_cortex.o(i.HAL_NVIC_EnableIRQ)
    HAL_NVIC_SetPriority                     0x08001a39   Thumb Code    60  stm32f1xx_hal_cortex.o(i.HAL_NVIC_SetPriority)
    HAL_NVIC_SetPriorityGrouping             0x08001a79   Thumb Code    26  stm32f1xx_hal_cortex.o(i.HAL_NVIC_SetPriorityGrouping)
    HAL_PWR_EnableBkUpAccess                 0x08001a9d   Thumb Code     8  stm32f1xx_hal_pwr.o(i.HAL_PWR_EnableBkUpAccess)
    HAL_RCCEx_GetPeriphCLKFreq               0x08001aa9   Thumb Code   148  stm32f1xx_hal_rcc_ex.o(i.HAL_RCCEx_GetPeriphCLKFreq)
    HAL_RCCEx_PeriphCLKConfig                0x08001b4d   Thumb Code   224  stm32f1xx_hal_rcc_ex.o(i.HAL_RCCEx_PeriphCLKConfig)
    HAL_RCC_ClockConfig                      0x08001c39   Thumb Code   280  stm32f1xx_hal_rcc.o(i.HAL_RCC_ClockConfig)
    HAL_RCC_GetClockConfig                   0x08001d65   Thumb Code    54  stm32f1xx_hal_rcc.o(i.HAL_RCC_GetClockConfig)
    HAL_RCC_GetPCLK1Freq                     0x08001da5   Thumb Code    20  stm32f1xx_hal_rcc.o(i.HAL_RCC_GetPCLK1Freq)
    HAL_RCC_GetPCLK2Freq                     0x08001dc5   Thumb Code    20  stm32f1xx_hal_rcc.o(i.HAL_RCC_GetPCLK2Freq)
    HAL_RCC_GetSysClockFreq                  0x08001de5   Thumb Code    58  stm32f1xx_hal_rcc.o(i.HAL_RCC_GetSysClockFreq)
    HAL_RCC_OscConfig                        0x08001e31   Thumb Code   778  stm32f1xx_hal_rcc.o(i.HAL_RCC_OscConfig)
    HAL_RTC_GetDate                          0x08002151   Thumb Code    78  stm32f1xx_hal_rtc.o(i.HAL_RTC_GetDate)
    HAL_RTC_GetTime                          0x0800219f   Thumb Code   216  stm32f1xx_hal_rtc.o(i.HAL_RTC_GetTime)
    HAL_RTC_Init                             0x08002279   Thumb Code   144  stm32f1xx_hal_rtc.o(i.HAL_RTC_Init)
    HAL_RTC_MspInit                          0x0800230d   Thumb Code    40  rtc.o(i.HAL_RTC_MspInit)
    HAL_RTC_SetDate                          0x08002341   Thumb Code   192  stm32f1xx_hal_rtc.o(i.HAL_RTC_SetDate)
    HAL_RTC_SetTime                          0x08002405   Thumb Code   168  stm32f1xx_hal_rtc.o(i.HAL_RTC_SetTime)
    HAL_RTC_WaitForSynchro                   0x080024b1   Thumb Code    58  stm32f1xx_hal_rtc.o(i.HAL_RTC_WaitForSynchro)
    HAL_TIMEx_BreakCallback                  0x080024eb   Thumb Code     2  stm32f1xx_hal_tim_ex.o(i.HAL_TIMEx_BreakCallback)
    HAL_TIMEx_CommutCallback                 0x080024ed   Thumb Code     2  stm32f1xx_hal_tim_ex.o(i.HAL_TIMEx_CommutCallback)
    HAL_TIM_Base_Init                        0x080024ef   Thumb Code    90  stm32f1xx_hal_tim.o(i.HAL_TIM_Base_Init)
    HAL_TIM_Base_MspInit                     0x08002549   Thumb Code     2  stm32f1xx_hal_tim.o(i.HAL_TIM_Base_MspInit)
    HAL_TIM_Base_Start_IT                    0x0800254d   Thumb Code    76  stm32f1xx_hal_tim.o(i.HAL_TIM_Base_Start_IT)
    HAL_TIM_IC_CaptureCallback               0x080025a5   Thumb Code     2  stm32f1xx_hal_tim.o(i.HAL_TIM_IC_CaptureCallback)
    HAL_TIM_IRQHandler                       0x080025a7   Thumb Code   304  stm32f1xx_hal_tim.o(i.HAL_TIM_IRQHandler)
    HAL_TIM_OC_DelayElapsedCallback          0x080026d7   Thumb Code     2  stm32f1xx_hal_tim.o(i.HAL_TIM_OC_DelayElapsedCallback)
    HAL_TIM_PWM_PulseFinishedCallback        0x080026d9   Thumb Code     2  stm32f1xx_hal_tim.o(i.HAL_TIM_PWM_PulseFinishedCallback)
    HAL_TIM_PeriodElapsedCallback            0x080026dd   Thumb Code    14  main.o(i.HAL_TIM_PeriodElapsedCallback)
    HAL_TIM_TriggerCallback                  0x080026f1   Thumb Code     2  stm32f1xx_hal_tim.o(i.HAL_TIM_TriggerCallback)
    HAL_UARTEx_RxEventCallback               0x080026f3   Thumb Code     2  stm32f1xx_hal_uart.o(i.HAL_UARTEx_RxEventCallback)
    HAL_UART_ErrorCallback                   0x080026f5   Thumb Code     2  stm32f1xx_hal_uart.o(i.HAL_UART_ErrorCallback)
    HAL_UART_IRQHandler                      0x080026f9   Thumb Code   616  stm32f1xx_hal_uart.o(i.HAL_UART_IRQHandler)
    HAL_UART_Init                            0x08002965   Thumb Code   100  stm32f1xx_hal_uart.o(i.HAL_UART_Init)
    HAL_UART_MspInit                         0x080029c9   Thumb Code   186  usart.o(i.HAL_UART_MspInit)
    HAL_UART_Receive_IT                      0x08002a95   Thumb Code    28  stm32f1xx_hal_uart.o(i.HAL_UART_Receive_IT)
    HAL_UART_RxCpltCallback                  0x08002ab1   Thumb Code   388  com_config.o(i.HAL_UART_RxCpltCallback)
    HAL_UART_Transmit                        0x08002c4d   Thumb Code   160  stm32f1xx_hal_uart.o(i.HAL_UART_Transmit)
    HAL_UART_TxCpltCallback                  0x08002ced   Thumb Code     2  stm32f1xx_hal_uart.o(i.HAL_UART_TxCpltCallback)
    HardFault_Handler                        0x08002cef   Thumb Code     2  stm32f1xx_it.o(i.HardFault_Handler)
    MX_GPIO_Init                             0x08002cf1   Thumb Code    54  gpio.o(i.MX_GPIO_Init)
    MX_RTC_Init                              0x08002d2d   Thumb Code   102  rtc.o(i.MX_RTC_Init)
    MX_USART1_UART_Init                      0x08002d9d   Thumb Code    48  usart.o(i.MX_USART1_UART_Init)
    MX_USART2_UART_Init                      0x08002dd5   Thumb Code    48  usart.o(i.MX_USART2_UART_Init)
    MemManage_Handler                        0x08002e0d   Thumb Code     2  stm32f1xx_it.o(i.MemManage_Handler)
    NMI_Handler                              0x08002e0f   Thumb Code     2  stm32f1xx_it.o(i.NMI_Handler)
    StartTaskFunction                        0x08003081   Thumb Code    90  app_task.o(i.StartTaskFunction)
    SysTick_Handler                          0x0800312d   Thumb Code    20  stm32f1xx_it.o(i.SysTick_Handler)
    SystemClock_Config                       0x08003141   Thumb Code   128  main.o(i.SystemClock_Config)
    SystemInit                               0x080031c1   Thumb Code     2  system_stm32f1xx.o(i.SystemInit)
    TIM1_UP_IRQHandler                       0x080031c5   Thumb Code     6  stm32f1xx_it.o(i.TIM1_UP_IRQHandler)
    TIM_Base_SetConfig                       0x080031d1   Thumb Code   108  stm32f1xx_hal_tim.o(i.TIM_Base_SetConfig)
    UART_Start_Receive_IT                    0x08003421   Thumb Code    54  stm32f1xx_hal_uart.o(i.UART_Start_Receive_IT)
    USART2_IRQHandler                        0x080034c9   Thumb Code     6  stm32f1xx_it.o(i.USART2_IRQHandler)
    UsageFault_Handler                       0x080034d5   Thumb Code     2  stm32f1xx_it.o(i.UsageFault_Handler)
    VIS_Driver_Init                          0x080034d9   Thumb Code   104  dnq4v30.o(i.VIS_Driver_Init)
    __0printf                                0x080036fd   Thumb Code    22  printfa.o(i.__0printf)
    __1printf                                0x080036fd   Thumb Code     0  printfa.o(i.__0printf)
    __2printf                                0x080036fd   Thumb Code     0  printfa.o(i.__0printf)
    __c89printf                              0x080036fd   Thumb Code     0  printfa.o(i.__0printf)
    printf                                   0x080036fd   Thumb Code     0  printfa.o(i.__0printf)
    __0snprintf                              0x0800371d   Thumb Code    48  printfa.o(i.__0snprintf)
    __1snprintf                              0x0800371d   Thumb Code     0  printfa.o(i.__0snprintf)
    __2snprintf                              0x0800371d   Thumb Code     0  printfa.o(i.__0snprintf)
    __c89snprintf                            0x0800371d   Thumb Code     0  printfa.o(i.__0snprintf)
    snprintf                                 0x0800371d   Thumb Code     0  printfa.o(i.__0snprintf)
    __aeabi_errno_addr                       0x08003771   Thumb Code     4  errno.o(i.__aeabi_errno_addr)
    __rt_errno_addr                          0x08003771   Thumb Code     0  errno.o(i.__aeabi_errno_addr)
    __read_errno                             0x08003779   Thumb Code     6  errno.o(i.__read_errno)
    __scatterload_copy                       0x08003785   Thumb Code    14  handlers.o(i.__scatterload_copy)
    __scatterload_null                       0x08003793   Thumb Code     2  handlers.o(i.__scatterload_null)
    __scatterload_zeroinit                   0x08003795   Thumb Code    14  handlers.o(i.__scatterload_zeroinit)
    __set_errno                              0x080037a5   Thumb Code     6  errno.o(i.__set_errno)
    _is_digit                                0x08003935   Thumb Code    14  scanf_fp.o(i._is_digit)
    atof                                     0x08004061   Thumb Code    42  atof.o(i.atof)
    calculate_checksum                       0x0800408b   Thumb Code    18  com_config.o(i.calculate_checksum)
    fputc                                    0x0800409d   Thumb Code    20  com_config.o(i.fputc)
    main                                     0x080040b5   Thumb Code    30  main.o(i.main)
    pack_data                                0x080040d5   Thumb Code    36  com_config.o(i.pack_data)
    pvPortMalloc                             0x080047d1   Thumb Code   146  heap_4.o(i.pvPortMalloc)
    pvTaskIncrementMutexHeldCount            0x08004869   Thumb Code    18  tasks.o(i.pvTaskIncrementMutexHeldCount)
    pxPortInitialiseStack                    0x08004881   Thumb Code    32  port.o(i.pxPortInitialiseStack)
    save_to_flash                            0x080048a5   Thumb Code    50  debug.o(i.save_to_flash)
    uxListRemove                             0x080048d7   Thumb Code    38  list.o(i.uxListRemove)
    uxTaskGetNumberOfTasks                   0x080048fd   Thumb Code     6  tasks.o(i.uxTaskGetNumberOfTasks)
    vListInitialise                          0x08004909   Thumb Code    22  list.o(i.vListInitialise)
    vListInitialiseItem                      0x0800491f   Thumb Code     6  list.o(i.vListInitialiseItem)
    vListInsert                              0x08004925   Thumb Code    48  list.o(i.vListInsert)
    vListInsertEnd                           0x08004955   Thumb Code    24  list.o(i.vListInsertEnd)
    vPortEnterCritical                       0x0800496d   Thumb Code    24  port.o(i.vPortEnterCritical)
    vPortExitCritical                        0x08004989   Thumb Code    16  port.o(i.vPortExitCritical)
    vPortFree                                0x0800499d   Thumb Code    64  heap_4.o(i.vPortFree)
    vPortSetupTimerInterrupt                 0x080049e1   Thumb Code    20  port.o(i.vPortSetupTimerInterrupt)
    vQueueWaitForMessageRestricted           0x080049f9   Thumb Code    68  queue.o(i.vQueueWaitForMessageRestricted)
    vTaskDelete                              0x08004a3d   Thumb Code   142  tasks.o(i.vTaskDelete)
    vTaskInternalSetTimeOutState             0x08004add   Thumb Code    12  tasks.o(i.vTaskInternalSetTimeOutState)
    vTaskMissedYield                         0x08004aed   Thumb Code     8  tasks.o(i.vTaskMissedYield)
    vTaskPlaceOnEventList                    0x08004af9   Thumb Code    26  tasks.o(i.vTaskPlaceOnEventList)
    vTaskPlaceOnEventListRestricted          0x08004b19   Thumb Code    58  tasks.o(i.vTaskPlaceOnEventListRestricted)
    vTaskPriorityDisinheritAfterTimeout      0x08004b59   Thumb Code   146  tasks.o(i.vTaskPriorityDisinheritAfterTimeout)
    vTaskStartScheduler                      0x08004bf5   Thumb Code    72  tasks.o(i.vTaskStartScheduler)
    vTaskSuspendAll                          0x08004c4d   Thumb Code    10  tasks.o(i.vTaskSuspendAll)
    vTaskSwitchContext                       0x08004c5d   Thumb Code    60  tasks.o(i.vTaskSwitchContext)
    xPortStartScheduler                      0x08004ca1   Thumb Code    38  port.o(i.xPortStartScheduler)
    xPortSysTickHandler                      0x08004cd1   Thumb Code    38  port.o(i.xPortSysTickHandler)
    xQueueGenericCreate                      0x08004cfd   Thumb Code    80  queue.o(i.xQueueGenericCreate)
    xQueueGenericReset                       0x08004d4d   Thumb Code   144  queue.o(i.xQueueGenericReset)
    xQueueGenericSend                        0x08004de1   Thumb Code   242  queue.o(i.xQueueGenericSend)
    xQueueGenericSendFromISR                 0x08004ed9   Thumb Code   112  queue.o(i.xQueueGenericSendFromISR)
    xQueueReceive                            0x08004f49   Thumb Code   236  queue.o(i.xQueueReceive)
    xQueueSemaphoreTake                      0x08005039   Thumb Code   292  queue.o(i.xQueueSemaphoreTake)
    xTaskCheckForTimeOut                     0x08005161   Thumb Code    82  tasks.o(i.xTaskCheckForTimeOut)
    xTaskCreate                              0x080051b9   Thumb Code    92  tasks.o(i.xTaskCreate)
    xTaskDelayUntil                          0x08005215   Thumb Code    80  tasks.o(i.xTaskDelayUntil)
    xTaskGetSchedulerState                   0x0800526d   Thumb Code    22  tasks.o(i.xTaskGetSchedulerState)
    xTaskGetTickCount                        0x08005289   Thumb Code     6  tasks.o(i.xTaskGetTickCount)
    xTaskIncrementTick                       0x08005295   Thumb Code   282  tasks.o(i.xTaskIncrementTick)
    xTaskPriorityDisinherit                  0x080053b9   Thumb Code   132  tasks.o(i.xTaskPriorityDisinherit)
    xTaskPriorityInherit                     0x08005445   Thumb Code   168  tasks.o(i.xTaskPriorityInherit)
    xTaskRemoveFromEventList                 0x080054f5   Thumb Code   190  tasks.o(i.xTaskRemoveFromEventList)
    xTaskResumeAll                           0x080055c1   Thumb Code   266  tasks.o(i.xTaskResumeAll)
    xTimerCreateTimerTask                    0x080056dd   Thumb Code    42  timers.o(i.xTimerCreateTimerTask)
    AHBPrescTable                            0x0800573c   Data          16  system_stm32f1xx.o(.constdata)
    APBPrescTable                            0x0800574c   Data           8  system_stm32f1xx.o(.constdata)
    __ctype_table                            0x08005754   Data         129  ctype_o.o(.constdata)
    Region$$Table$$Base                      0x080057dc   Number         0  anon$$obj.o(Region$$Table)
    Region$$Table$$Limit                     0x080057fc   Number         0  anon$$obj.o(Region$$Table)
    uwTickFreq                               0x20000000   Data           1  stm32f1xx_hal.o(.data)
    uwTickPrio                               0x20000004   Data           4  stm32f1xx_hal.o(.data)
    uwTick                                   0x20000008   Data           4  stm32f1xx_hal.o(.data)
    SystemCoreClock                          0x2000000c   Data           4  system_stm32f1xx.o(.data)
    pxCurrentTCB                             0x20000030   Data           4  tasks.o(.data)
    uxTopUsedPriority                        0x20000060   Data           4  tasks.o(.data)
    StartTaskHandle                          0x20000084   Data           4  app_task.o(.data)
    DebugTaskHandle                          0x20000088   Data           4  app_task.o(.data)
    Dnq4v30TaskHandle                        0x2000008c   Data           4  app_task.o(.data)
    SendDataHandle                           0x20000090   Data           4  app_task.o(.data)
    send_data_flag                           0x20000094   Data           2  com_config.o(.data)
    debug_data                               0x20000096   Data           1  com_config.o(.data)
    dnq4v30_buf                              0x20000097   Data           1  com_config.o(.data)
    c12_buf                                  0x20000098   Data           1  com_config.o(.data)
    asc_buf                                  0x20000099   Data           1  com_config.o(.data)
    device_flag                              0x2000009a   Data           2  com_config.o(.data)
    COMMUNICATION_EXEC_CYCLE                 0x2000009c   Data           2  com_config.o(.data)
    __stdout                                 0x200000b0   Data           4  stdout.o(.data)
    hrtc                                     0x200000b8   Data          20  rtc.o(.bss)
    huart1                                   0x200000cc   Data          72  usart.o(.bss)
    huart2                                   0x20000114   Data          72  usart.o(.bss)
    htim1                                    0x2000015c   Data          72  stm32f1xx_hal_timebase_tim.o(.bss)
    pFlash                                   0x200001a8   Data          32  stm32f1xx_hal_flash.o(.bss)
    Debug                                    0x200034d4   Data         284  app_task.o(.bss)
    Dnq4v30                                  0x200035f0   Data         284  app_task.o(.bss)
    dnq4v30_data                             0x2000370c   Data          52  app_task.o(.bss)
    LaserC12                                 0x20003740   Data         284  app_task.o(.bss)
    ASC200                                   0x2000385c   Data         288  app_task.o(.bss)
    ComDataStruct                            0x2000397c   Data          32  com_config.o(.bss)
    __initial_sp                             0x20003da0   Data           0  startup_stm32f103xb.o(STACK)



==============================================================================

Memory Map of the image

  Image Entry point : 0x080000ed

  Load Region LR_IROM1 (Base: 0x08000000, Size: 0x000058b4, Max: 0x00010000, ABSOLUTE)

    Execution Region ER_IROM1 (Exec base: 0x08000000, Load base: 0x08000000, Size: 0x000057fc, Max: 0x00010000, ABSOLUTE)

    Exec Addr    Load Addr    Size         Type   Attr      Idx    E Section Name        Object

    0x08000000   0x08000000   0x000000ec   Data   RO            3    RESET               startup_stm32f103xb.o
    0x080000ec   0x080000ec   0x00000000   Code   RO         4725  * .ARM.Collect$$$$00000000  mc_w.l(entry.o)
    0x080000ec   0x080000ec   0x00000004   Code   RO         5063    .ARM.Collect$$$$00000001  mc_w.l(entry2.o)
    0x080000f0   0x080000f0   0x00000004   Code   RO         5066    .ARM.Collect$$$$00000004  mc_w.l(entry5.o)
    0x080000f4   0x080000f4   0x00000000   Code   RO         5068    .ARM.Collect$$$$00000008  mc_w.l(entry7b.o)
    0x080000f4   0x080000f4   0x00000000   Code   RO         5070    .ARM.Collect$$$$0000000A  mc_w.l(entry8b.o)
    0x080000f4   0x080000f4   0x00000008   Code   RO         5071    .ARM.Collect$$$$0000000B  mc_w.l(entry9a.o)
    0x080000fc   0x080000fc   0x00000004   Code   RO         5078    .ARM.Collect$$$$0000000E  mc_w.l(entry12b.o)
    0x08000100   0x08000100   0x00000000   Code   RO         5073    .ARM.Collect$$$$0000000F  mc_w.l(entry10a.o)
    0x08000100   0x08000100   0x00000000   Code   RO         5075    .ARM.Collect$$$$00000011  mc_w.l(entry11a.o)
    0x08000100   0x08000100   0x00000004   Code   RO         5064    .ARM.Collect$$$$00002712  mc_w.l(entry2.o)
    0x08000104   0x08000104   0x00000096   Code   RO         3170    .emb_text           port.o
    0x0800019a   0x0800019a   0x00000002   PAD
    0x0800019c   0x0800019c   0x00000024   Code   RO            4    .text               startup_stm32f103xb.o
    0x080001c0   0x080001c0   0x00000020   Code   RO         4728    .text               mc_w.l(llushr.o)
    0x080001e0   0x080001e0   0x00000024   Code   RO         4730    .text               mc_w.l(memcpya.o)
    0x08000204   0x08000204   0x00000024   Code   RO         4732    .text               mc_w.l(memseta.o)
    0x08000228   0x08000228   0x00000018   Code   RO         4736    .text               mc_w.l(strncpy.o)
    0x08000240   0x08000240   0x0000001c   Code   RO         4740    .text               mc_w.l(strcmp.o)
    0x0800025c   0x0800025c   0x0000001e   Code   RO         4744    .text               mc_w.l(strncmp.o)
    0x0800027a   0x0800027a   0x00000002   PAD
    0x0800027c   0x0800027c   0x00000044   Code   RO         4746    .text               mc_w.l(strtok.o)
    0x080002c0   0x080002c0   0x00000072   Code   RO         5043    .text               mc_w.l(strtoul.o)
    0x08000332   0x08000332   0x0000001a   Code   RO         5045    .text               mc_w.l(atoi.o)
    0x0800034c   0x0800034c   0x0000001a   Code   RO         5047    .text               mc_w.l(atol.o)
    0x08000366   0x08000366   0x000000b0   Code   RO         5049    .text               mf_w.l(fadd.o)
    0x08000416   0x08000416   0x0000007c   Code   RO         5051    .text               mf_w.l(fdiv.o)
    0x08000492   0x08000492   0x000000de   Code   RO         5053    .text               mf_w.l(ddiv.o)
    0x08000570   0x08000570   0x00000032   Code   RO         5057    .text               mf_w.l(ffixi.o)
    0x080005a2   0x080005a2   0x00000026   Code   RO         5059    .text               mf_w.l(f2d.o)
    0x080005c8   0x080005c8   0x00000038   Code   RO         5061    .text               mf_w.l(d2f.o)
    0x08000600   0x08000600   0x0000002c   Code   RO         5080    .text               mc_w.l(uidiv.o)
    0x0800062c   0x0800062c   0x00000062   Code   RO         5082    .text               mc_w.l(uldiv.o)
    0x0800068e   0x0800068e   0x00000002   PAD
    0x08000690   0x08000690   0x00000008   Code   RO         5084    .text               mc_w.l(ctype_o.o)
    0x08000698   0x08000698   0x00000012   Code   RO         5106    .text               mc_w.l(isspace_o.o)
    0x080006aa   0x080006aa   0x0000009e   Code   RO         5121    .text               mc_w.l(_strtoul.o)
    0x08000748   0x08000748   0x0000009c   Code   RO         5123    .text               mc_w.l(strtod.o)
    0x080007e4   0x080007e4   0x00000070   Code   RO         5125    .text               mc_w.l(strtol.o)
    0x08000854   0x08000854   0x00000000   Code   RO         5127    .text               mc_w.l(iusefp.o)
    0x08000854   0x08000854   0x0000006e   Code   RO         5128    .text               mf_w.l(fepilogue.o)
    0x080008c2   0x080008c2   0x000000ba   Code   RO         5130    .text               mf_w.l(depilogue.o)
    0x0800097c   0x0800097c   0x0000014e   Code   RO         5132    .text               mf_w.l(dadd.o)
    0x08000aca   0x08000aca   0x000000e4   Code   RO         5134    .text               mf_w.l(dmul.o)
    0x08000bae   0x08000bae   0x00000030   Code   RO         5136    .text               mf_w.l(dfixul.o)
    0x08000bde   0x08000bde   0x00000002   PAD
    0x08000be0   0x08000be0   0x00000030   Code   RO         5138    .text               mf_w.l(cdrcmple.o)
    0x08000c10   0x08000c10   0x00000024   Code   RO         5140    .text               mc_w.l(init.o)
    0x08000c34   0x08000c34   0x0000001e   Code   RO         5142    .text               mc_w.l(llshl.o)
    0x08000c52   0x08000c52   0x00000024   Code   RO         5144    .text               mc_w.l(llsshr.o)
    0x08000c76   0x08000c76   0x0000001c   Code   RO         5148    .text               mc_w.l(_chval.o)
    0x08000c92   0x08000c92   0x00000002   PAD
    0x08000c94   0x08000c94   0x00000360   Code   RO         5150    .text               mc_w.l(scanf_fp.o)
    0x08000ff4   0x08000ff4   0x00000040   Code   RO         5154    .text               mc_w.l(_sgetc.o)
    0x08001034   0x08001034   0x00000018   Code   RO         5159    .text               mf_w.l(dfltul.o)
    0x0800104c   0x0800104c   0x00000090   Code   RO         4287    i.App_Task_FreeRTOSStart  app_task.o
    0x080010dc   0x080010dc   0x00000002   Code   RO          355    i.BusFault_Handler  stm32f1xx_it.o
    0x080010de   0x080010de   0x00000010   Code   RO         4468    i.CheckRange        com_math.o
    0x080010ee   0x080010ee   0x00000002   Code   RO          356    i.DebugMon_Handler  stm32f1xx_it.o
    0x080010f0   0x080010f0   0x00000030   Code   RO         4288    i.DebugTaskFunction  app_task.o
    0x08001120   0x08001120   0x00000054   Code   RO         4426    i.Debug_Driver_Init  debug.o
    0x08001174   0x08001174   0x00000058   Code   RO         4427    i.Debug_Receive_Process  debug.o
    0x080011cc   0x080011cc   0x0000010c   Code   RO         4289    i.Dnq4v30Task       app_task.o
    0x080012d8   0x080012d8   0x00000006   Code   RO         4620    i.EXTI0_IRQHandler  sl3_rain.o
    0x080012de   0x080012de   0x00000004   Code   RO           13    i.Error_Handler     main.o
    0x080012e2   0x080012e2   0x00000002   PAD
    0x080012e4   0x080012e4   0x00000024   Code   RO         1642    i.FLASH_MassErase   stm32f1xx_hal_flash_ex.o
    0x08001308   0x08001308   0x00000024   Code   RO         1647    i.FLASH_PageErase   stm32f1xx_hal_flash_ex.o
    0x0800132c   0x0800132c   0x0000001c   Code   RO         1539    i.FLASH_Program_HalfWord  stm32f1xx_hal_flash.o
    0x08001348   0x08001348   0x0000005c   Code   RO         1540    i.FLASH_SetErrorCode  stm32f1xx_hal_flash.o
    0x080013a4   0x080013a4   0x00000054   Code   RO         1541    i.FLASH_WaitForLastOperation  stm32f1xx_hal_flash.o
    0x080013f8   0x080013f8   0x00000078   Code   RO         4352    i.GetTimestampNow   com_config.o
    0x08001470   0x08001470   0x00000046   Code   RO         1203    i.HAL_DMA_Abort     stm32f1xx_hal_dma.o
    0x080014b6   0x080014b6   0x00000002   PAD
    0x080014b8   0x080014b8   0x00000098   Code   RO         1204    i.HAL_DMA_Abort_IT  stm32f1xx_hal_dma.o
    0x08001550   0x08001550   0x000000a8   Code   RO         1648    i.HAL_FLASHEx_Erase  stm32f1xx_hal_flash_ex.o
    0x080015f8   0x080015f8   0x00000014   Code   RO         1545    i.HAL_FLASH_Lock    stm32f1xx_hal_flash.o
    0x0800160c   0x0800160c   0x00000080   Code   RO         1550    i.HAL_FLASH_Program  stm32f1xx_hal_flash.o
    0x0800168c   0x0800168c   0x00000028   Code   RO         1552    i.HAL_FLASH_Unlock  stm32f1xx_hal_flash.o
    0x080016b4   0x080016b4   0x0000005c   Code   RO         4621    i.HAL_GPIO_EXTI_Callback  sl3_rain.o
    0x08001710   0x08001710   0x00000018   Code   RO         1138    i.HAL_GPIO_EXTI_IRQHandler  stm32f1xx_hal_gpio.o
    0x08001728   0x08001728   0x000001e0   Code   RO         1139    i.HAL_GPIO_Init     stm32f1xx_hal_gpio.o
    0x08001908   0x08001908   0x0000000a   Code   RO         1141    i.HAL_GPIO_ReadPin  stm32f1xx_hal_gpio.o
    0x08001912   0x08001912   0x00000002   PAD
    0x08001914   0x08001914   0x0000000c   Code   RO          833    i.HAL_GetTick       stm32f1xx_hal.o
    0x08001920   0x08001920   0x00000010   Code   RO          839    i.HAL_IncTick       stm32f1xx_hal.o
    0x08001930   0x08001930   0x00000024   Code   RO          840    i.HAL_Init          stm32f1xx_hal.o
    0x08001954   0x08001954   0x0000008c   Code   RO          475    i.HAL_InitTick      stm32f1xx_hal_timebase_tim.o
    0x080019e0   0x080019e0   0x0000003c   Code   RO          451    i.HAL_MspInit       stm32f1xx_hal_msp.o
    0x08001a1c   0x08001a1c   0x0000001a   Code   RO         1299    i.HAL_NVIC_EnableIRQ  stm32f1xx_hal_cortex.o
    0x08001a36   0x08001a36   0x00000002   PAD
    0x08001a38   0x08001a38   0x00000040   Code   RO         1305    i.HAL_NVIC_SetPriority  stm32f1xx_hal_cortex.o
    0x08001a78   0x08001a78   0x00000024   Code   RO         1306    i.HAL_NVIC_SetPriorityGrouping  stm32f1xx_hal_cortex.o
    0x08001a9c   0x08001a9c   0x0000000c   Code   RO         1421    i.HAL_PWR_EnableBkUpAccess  stm32f1xx_hal_pwr.o
    0x08001aa8   0x08001aa8   0x000000a4   Code   RO         1100    i.HAL_RCCEx_GetPeriphCLKFreq  stm32f1xx_hal_rcc_ex.o
    0x08001b4c   0x08001b4c   0x000000ec   Code   RO         1101    i.HAL_RCCEx_PeriphCLKConfig  stm32f1xx_hal_rcc_ex.o
    0x08001c38   0x08001c38   0x0000012c   Code   RO          997    i.HAL_RCC_ClockConfig  stm32f1xx_hal_rcc.o
    0x08001d64   0x08001d64   0x00000040   Code   RO         1001    i.HAL_RCC_GetClockConfig  stm32f1xx_hal_rcc.o
    0x08001da4   0x08001da4   0x00000020   Code   RO         1004    i.HAL_RCC_GetPCLK1Freq  stm32f1xx_hal_rcc.o
    0x08001dc4   0x08001dc4   0x00000020   Code   RO         1005    i.HAL_RCC_GetPCLK2Freq  stm32f1xx_hal_rcc.o
    0x08001de4   0x08001de4   0x0000004c   Code   RO         1006    i.HAL_RCC_GetSysClockFreq  stm32f1xx_hal_rcc.o
    0x08001e30   0x08001e30   0x00000320   Code   RO         1009    i.HAL_RCC_OscConfig  stm32f1xx_hal_rcc.o
    0x08002150   0x08002150   0x0000004e   Code   RO          555    i.HAL_RTC_GetDate   stm32f1xx_hal_rtc.o
    0x0800219e   0x0800219e   0x000000d8   Code   RO          557    i.HAL_RTC_GetTime   stm32f1xx_hal_rtc.o
    0x08002276   0x08002276   0x00000002   PAD
    0x08002278   0x08002278   0x00000094   Code   RO          558    i.HAL_RTC_Init      stm32f1xx_hal_rtc.o
    0x0800230c   0x0800230c   0x00000034   Code   RO          266    i.HAL_RTC_MspInit   rtc.o
    0x08002340   0x08002340   0x000000c4   Code   RO          564    i.HAL_RTC_SetDate   stm32f1xx_hal_rtc.o
    0x08002404   0x08002404   0x000000ac   Code   RO          565    i.HAL_RTC_SetTime   stm32f1xx_hal_rtc.o
    0x080024b0   0x080024b0   0x0000003a   Code   RO          566    i.HAL_RTC_WaitForSynchro  stm32f1xx_hal_rtc.o
    0x080024ea   0x080024ea   0x00000002   Code   RO         2505    i.HAL_TIMEx_BreakCallback  stm32f1xx_hal_tim_ex.o
    0x080024ec   0x080024ec   0x00000002   Code   RO         2506    i.HAL_TIMEx_CommutCallback  stm32f1xx_hal_tim_ex.o
    0x080024ee   0x080024ee   0x0000005a   Code   RO         1801    i.HAL_TIM_Base_Init  stm32f1xx_hal_tim.o
    0x08002548   0x08002548   0x00000002   Code   RO         1803    i.HAL_TIM_Base_MspInit  stm32f1xx_hal_tim.o
    0x0800254a   0x0800254a   0x00000002   PAD
    0x0800254c   0x0800254c   0x00000058   Code   RO         1806    i.HAL_TIM_Base_Start_IT  stm32f1xx_hal_tim.o
    0x080025a4   0x080025a4   0x00000002   Code   RO         1835    i.HAL_TIM_IC_CaptureCallback  stm32f1xx_hal_tim.o
    0x080025a6   0x080025a6   0x00000130   Code   RO         1849    i.HAL_TIM_IRQHandler  stm32f1xx_hal_tim.o
    0x080026d6   0x080026d6   0x00000002   Code   RO         1852    i.HAL_TIM_OC_DelayElapsedCallback  stm32f1xx_hal_tim.o
    0x080026d8   0x080026d8   0x00000002   Code   RO         1879    i.HAL_TIM_PWM_PulseFinishedCallback  stm32f1xx_hal_tim.o
    0x080026da   0x080026da   0x00000002   PAD
    0x080026dc   0x080026dc   0x00000014   Code   RO           14    i.HAL_TIM_PeriodElapsedCallback  main.o
    0x080026f0   0x080026f0   0x00000002   Code   RO         1892    i.HAL_TIM_TriggerCallback  stm32f1xx_hal_tim.o
    0x080026f2   0x080026f2   0x00000002   Code   RO         2784    i.HAL_UARTEx_RxEventCallback  stm32f1xx_hal_uart.o
    0x080026f4   0x080026f4   0x00000002   Code   RO         2798    i.HAL_UART_ErrorCallback  stm32f1xx_hal_uart.o
    0x080026f6   0x080026f6   0x00000002   PAD
    0x080026f8   0x080026f8   0x0000026c   Code   RO         2801    i.HAL_UART_IRQHandler  stm32f1xx_hal_uart.o
    0x08002964   0x08002964   0x00000064   Code   RO         2802    i.HAL_UART_Init     stm32f1xx_hal_uart.o
    0x080029c8   0x080029c8   0x000000cc   Code   RO          308    i.HAL_UART_MspInit  usart.o
    0x08002a94   0x08002a94   0x0000001c   Code   RO         2807    i.HAL_UART_Receive_IT  stm32f1xx_hal_uart.o
    0x08002ab0   0x08002ab0   0x0000019c   Code   RO         4353    i.HAL_UART_RxCpltCallback  com_config.o
    0x08002c4c   0x08002c4c   0x000000a0   Code   RO         2810    i.HAL_UART_Transmit  stm32f1xx_hal_uart.o
    0x08002cec   0x08002cec   0x00000002   Code   RO         2813    i.HAL_UART_TxCpltCallback  stm32f1xx_hal_uart.o
    0x08002cee   0x08002cee   0x00000002   Code   RO          357    i.HardFault_Handler  stm32f1xx_it.o
    0x08002cf0   0x08002cf0   0x0000003c   Code   RO          241    i.MX_GPIO_Init      gpio.o
    0x08002d2c   0x08002d2c   0x00000070   Code   RO          267    i.MX_RTC_Init       rtc.o
    0x08002d9c   0x08002d9c   0x00000038   Code   RO          309    i.MX_USART1_UART_Init  usart.o
    0x08002dd4   0x08002dd4   0x00000038   Code   RO          310    i.MX_USART2_UART_Init  usart.o
    0x08002e0c   0x08002e0c   0x00000002   Code   RO          358    i.MemManage_Handler  stm32f1xx_it.o
    0x08002e0e   0x08002e0e   0x00000002   Code   RO          359    i.NMI_Handler       stm32f1xx_it.o
    0x08002e10   0x08002e10   0x00000012   Code   RO          567    i.RTC_Bcd2ToByte    stm32f1xx_hal_rtc.o
    0x08002e22   0x08002e22   0x00000016   Code   RO          568    i.RTC_ByteToBcd2    stm32f1xx_hal_rtc.o
    0x08002e38   0x08002e38   0x000000ae   Code   RO          569    i.RTC_DateUpdate    stm32f1xx_hal_rtc.o
    0x08002ee6   0x08002ee6   0x00000034   Code   RO          570    i.RTC_EnterInitMode  stm32f1xx_hal_rtc.o
    0x08002f1a   0x08002f1a   0x00000002   PAD
    0x08002f1c   0x08002f1c   0x00000036   Code   RO          571    i.RTC_ExitInitMode  stm32f1xx_hal_rtc.o
    0x08002f52   0x08002f52   0x0000000e   Code   RO          572    i.RTC_ReadAlarmCounter  stm32f1xx_hal_rtc.o
    0x08002f60   0x08002f60   0x00000020   Code   RO          573    i.RTC_ReadTimeCounter  stm32f1xx_hal_rtc.o
    0x08002f80   0x08002f80   0x00000056   Code   RO          574    i.RTC_WeekDayNum    stm32f1xx_hal_rtc.o
    0x08002fd6   0x08002fd6   0x00000028   Code   RO          575    i.RTC_WriteAlarmCounter  stm32f1xx_hal_rtc.o
    0x08002ffe   0x08002ffe   0x00000028   Code   RO          576    i.RTC_WriteTimeCounter  stm32f1xx_hal_rtc.o
    0x08003026   0x08003026   0x00000002   PAD
    0x08003028   0x08003028   0x00000058   Code   RO         4290    i.SendDataTask      app_task.o
    0x08003080   0x08003080   0x000000ac   Code   RO         4291    i.StartTaskFunction  app_task.o
    0x0800312c   0x0800312c   0x00000014   Code   RO          362    i.SysTick_Handler   stm32f1xx_it.o
    0x08003140   0x08003140   0x00000080   Code   RO           15    i.SystemClock_Config  main.o
    0x080031c0   0x080031c0   0x00000002   Code   RO         3136    i.SystemInit        system_stm32f1xx.o
    0x080031c2   0x080031c2   0x00000002   PAD
    0x080031c4   0x080031c4   0x0000000c   Code   RO          363    i.TIM1_UP_IRQHandler  stm32f1xx_it.o
    0x080031d0   0x080031d0   0x00000078   Code   RO         1894    i.TIM_Base_SetConfig  stm32f1xx_hal_tim.o
    0x08003248   0x08003248   0x00000010   Code   RO         2815    i.UART_DMAAbortOnError  stm32f1xx_hal_uart.o
    0x08003258   0x08003258   0x0000004e   Code   RO         2825    i.UART_EndRxTransfer  stm32f1xx_hal_uart.o
    0x080032a6   0x080032a6   0x000000c2   Code   RO         2827    i.UART_Receive_IT   stm32f1xx_hal_uart.o
    0x08003368   0x08003368   0x000000b8   Code   RO         2828    i.UART_SetConfig    stm32f1xx_hal_uart.o
    0x08003420   0x08003420   0x00000036   Code   RO         2830    i.UART_Start_Receive_IT  stm32f1xx_hal_uart.o
    0x08003456   0x08003456   0x00000072   Code   RO         2831    i.UART_WaitOnFlagUntilTimeout  stm32f1xx_hal_uart.o
    0x080034c8   0x080034c8   0x0000000c   Code   RO          364    i.USART2_IRQHandler  stm32f1xx_it.o
    0x080034d4   0x080034d4   0x00000002   Code   RO          365    i.UsageFault_Handler  stm32f1xx_it.o
    0x080034d6   0x080034d6   0x00000002   PAD
    0x080034d8   0x080034d8   0x000000ac   Code   RO         4498    i.VIS_Driver_Init   dnq4v30.o
    0x08003584   0x08003584   0x0000012c   Code   RO         4499    i.VIS_ParseFrame    dnq4v30.o
    0x080036b0   0x080036b0   0x0000004c   Code   RO         4500    i.VIS_ProcessRawData  dnq4v30.o
    0x080036fc   0x080036fc   0x00000020   Code   RO         4987    i.__0printf         mc_w.l(printfa.o)
    0x0800371c   0x0800371c   0x00000034   Code   RO         4988    i.__0snprintf       mc_w.l(printfa.o)
    0x08003750   0x08003750   0x00000020   Code   RO         1312    i.__NVIC_SetPriority  stm32f1xx_hal_cortex.o
    0x08003770   0x08003770   0x00000008   Code   RO         5114    i.__aeabi_errno_addr  mc_w.l(errno.o)
    0x08003778   0x08003778   0x0000000c   Code   RO         5115    i.__read_errno      mc_w.l(errno.o)
    0x08003784   0x08003784   0x0000000e   Code   RO         5163    i.__scatterload_copy  mc_w.l(handlers.o)
    0x08003792   0x08003792   0x00000002   Code   RO         5164    i.__scatterload_null  mc_w.l(handlers.o)
    0x08003794   0x08003794   0x0000000e   Code   RO         5165    i.__scatterload_zeroinit  mc_w.l(handlers.o)
    0x080037a2   0x080037a2   0x00000002   PAD
    0x080037a4   0x080037a4   0x0000000c   Code   RO         5116    i.__set_errno       mc_w.l(errno.o)
    0x080037b0   0x080037b0   0x00000184   Code   RO         4994    i._fp_digits        mc_w.l(printfa.o)
    0x08003934   0x08003934   0x0000000e   Code   RO         5152    i._is_digit         mc_w.l(scanf_fp.o)
    0x08003942   0x08003942   0x00000002   PAD
    0x08003944   0x08003944   0x000006b4   Code   RO         4995    i._printf_core      mc_w.l(printfa.o)
    0x08003ff8   0x08003ff8   0x00000024   Code   RO         4996    i._printf_post_padding  mc_w.l(printfa.o)
    0x0800401c   0x0800401c   0x0000002e   Code   RO         4997    i._printf_pre_padding  mc_w.l(printfa.o)
    0x0800404a   0x0800404a   0x00000016   Code   RO         4998    i._snputc           mc_w.l(printfa.o)
    0x08004060   0x08004060   0x0000002a   Code   RO         4722    i.atof              m_ws.l(atof.o)
    0x0800408a   0x0800408a   0x00000012   Code   RO         4356    i.calculate_checksum  com_config.o
    0x0800409c   0x0800409c   0x00000018   Code   RO         4357    i.fputc             com_config.o
    0x080040b4   0x080040b4   0x0000001e   Code   RO           16    i.main              main.o
    0x080040d2   0x080040d2   0x00000002   PAD
    0x080040d4   0x080040d4   0x0000002c   Code   RO         4358    i.pack_data         com_config.o
    0x08004100   0x08004100   0x00000088   Code   RO         3776    i.prvAddCurrentTaskToDelayedList  tasks.o
    0x08004188   0x08004188   0x000000f0   Code   RO         3777    i.prvAddNewTaskToReadyList  tasks.o
    0x08004278   0x08004278   0x00000040   Code   RO         4143    i.prvCheckForValidListAndQueue  timers.o
    0x080042b8   0x080042b8   0x00000026   Code   RO         3454    i.prvCopyDataFromQueue  queue.o
    0x080042de   0x080042de   0x0000006c   Code   RO         3455    i.prvCopyDataToQueue  queue.o
    0x0800434a   0x0800434a   0x00000014   Code   RO         3778    i.prvDeleteTCB      tasks.o
    0x0800435e   0x0800435e   0x00000002   PAD
    0x08004360   0x08004360   0x00000044   Code   RO         3241    i.prvHeapInit       heap_4.o
    0x080043a4   0x080043a4   0x00000060   Code   RO         3779    i.prvIdleTask       tasks.o
    0x08004404   0x08004404   0x00000084   Code   RO         3780    i.prvInitialiseNewTask  tasks.o
    0x08004488   0x08004488   0x0000004c   Code   RO         3242    i.prvInsertBlockIntoFreeList  heap_4.o
    0x080044d4   0x080044d4   0x00000038   Code   RO         4144    i.prvInsertTimerInActiveList  timers.o
    0x0800450c   0x0800450c   0x0000001c   Code   RO         3456    i.prvIsQueueEmpty   queue.o
    0x08004528   0x08004528   0x00000040   Code   RO         4145    i.prvProcessExpiredTimer  timers.o
    0x08004568   0x08004568   0x000000d0   Code   RO         4146    i.prvProcessReceivedCommands  timers.o
    0x08004638   0x08004638   0x0000006c   Code   RO         4147    i.prvProcessTimerOrBlockTask  timers.o
    0x080046a4   0x080046a4   0x00000028   Code   RO         4148    i.prvReloadTimer    timers.o
    0x080046cc   0x080046cc   0x0000001c   Code   RO         3782    i.prvResetNextTaskUnblockTime  tasks.o
    0x080046e8   0x080046e8   0x00000048   Code   RO         4149    i.prvSampleTimeNow  timers.o
    0x08004730   0x08004730   0x00000010   Code   RO         3171    i.prvTaskExitError  port.o
    0x08004740   0x08004740   0x00000024   Code   RO         4150    i.prvTimerTask      timers.o
    0x08004764   0x08004764   0x0000006a   Code   RO         3457    i.prvUnlockQueue    queue.o
    0x080047ce   0x080047ce   0x00000002   PAD
    0x080047d0   0x080047d0   0x00000098   Code   RO         3244    i.pvPortMalloc      heap_4.o
    0x08004868   0x08004868   0x00000018   Code   RO         3784    i.pvTaskIncrementMutexHeldCount  tasks.o
    0x08004880   0x08004880   0x00000024   Code   RO         3172    i.pxPortInitialiseStack  port.o
    0x080048a4   0x080048a4   0x00000032   Code   RO         4429    i.save_to_flash     debug.o
    0x080048d6   0x080048d6   0x00000026   Code   RO         3418    i.uxListRemove      list.o
    0x080048fc   0x080048fc   0x0000000c   Code   RO         3787    i.uxTaskGetNumberOfTasks  tasks.o
    0x08004908   0x08004908   0x00000016   Code   RO         3419    i.vListInitialise   list.o
    0x0800491e   0x0800491e   0x00000006   Code   RO         3420    i.vListInitialiseItem  list.o
    0x08004924   0x08004924   0x00000030   Code   RO         3421    i.vListInsert       list.o
    0x08004954   0x08004954   0x00000018   Code   RO         3422    i.vListInsertEnd    list.o
    0x0800496c   0x0800496c   0x0000001c   Code   RO         3174    i.vPortEnterCritical  port.o
    0x08004988   0x08004988   0x00000014   Code   RO         3175    i.vPortExitCritical  port.o
    0x0800499c   0x0800499c   0x00000044   Code   RO         3245    i.vPortFree         heap_4.o
    0x080049e0   0x080049e0   0x00000018   Code   RO         3176    i.vPortSetupTimerInterrupt  port.o
    0x080049f8   0x080049f8   0x00000044   Code   RO         3465    i.vQueueWaitForMessageRestricted  queue.o
    0x08004a3c   0x08004a3c   0x000000a0   Code   RO         3794    i.vTaskDelete       tasks.o
    0x08004adc   0x08004adc   0x00000010   Code   RO         3798    i.vTaskInternalSetTimeOutState  tasks.o
    0x08004aec   0x08004aec   0x0000000c   Code   RO         3800    i.vTaskMissedYield  tasks.o
    0x08004af8   0x08004af8   0x00000020   Code   RO         3801    i.vTaskPlaceOnEventList  tasks.o
    0x08004b18   0x08004b18   0x00000040   Code   RO         3802    i.vTaskPlaceOnEventListRestricted  tasks.o
    0x08004b58   0x08004b58   0x0000009c   Code   RO         3804    i.vTaskPriorityDisinheritAfterTimeout  tasks.o
    0x08004bf4   0x08004bf4   0x00000058   Code   RO         3810    i.vTaskStartScheduler  tasks.o
    0x08004c4c   0x08004c4c   0x00000010   Code   RO         3812    i.vTaskSuspendAll   tasks.o
    0x08004c5c   0x08004c5c   0x00000044   Code   RO         3813    i.vTaskSwitchContext  tasks.o
    0x08004ca0   0x08004ca0   0x00000030   Code   RO         3177    i.xPortStartScheduler  port.o
    0x08004cd0   0x08004cd0   0x0000002c   Code   RO         3178    i.xPortSysTickHandler  port.o
    0x08004cfc   0x08004cfc   0x00000050   Code   RO         3468    i.xQueueGenericCreate  queue.o
    0x08004d4c   0x08004d4c   0x00000094   Code   RO         3469    i.xQueueGenericReset  queue.o
    0x08004de0   0x08004de0   0x000000f8   Code   RO         3470    i.xQueueGenericSend  queue.o
    0x08004ed8   0x08004ed8   0x00000070   Code   RO         3471    i.xQueueGenericSendFromISR  queue.o
    0x08004f48   0x08004f48   0x000000f0   Code   RO         3477    i.xQueueReceive     queue.o
    0x08005038   0x08005038   0x00000128   Code   RO         3479    i.xQueueSemaphoreTake  queue.o
    0x08005160   0x08005160   0x00000058   Code   RO         3815    i.xTaskCheckForTimeOut  tasks.o
    0x080051b8   0x080051b8   0x0000005c   Code   RO         3816    i.xTaskCreate       tasks.o
    0x08005214   0x08005214   0x00000058   Code   RO         3817    i.xTaskDelayUntil   tasks.o
    0x0800526c   0x0800526c   0x0000001c   Code   RO         3823    i.xTaskGetSchedulerState  tasks.o
    0x08005288   0x08005288   0x0000000c   Code   RO         3824    i.xTaskGetTickCount  tasks.o
    0x08005294   0x08005294   0x00000124   Code   RO         3826    i.xTaskIncrementTick  tasks.o
    0x080053b8   0x080053b8   0x0000008c   Code   RO         3827    i.xTaskPriorityDisinherit  tasks.o
    0x08005444   0x08005444   0x000000b0   Code   RO         3828    i.xTaskPriorityInherit  tasks.o
    0x080054f4   0x080054f4   0x000000cc   Code   RO         3829    i.xTaskRemoveFromEventList  tasks.o
    0x080055c0   0x080055c0   0x0000011c   Code   RO         3830    i.xTaskResumeAll    tasks.o
    0x080056dc   0x080056dc   0x0000003c   Code   RO         4158    i.xTimerCreateTimerTask  timers.o
    0x08005718   0x08005718   0x00000012   Data   RO         1010    .constdata          stm32f1xx_hal_rcc.o
    0x0800572a   0x0800572a   0x00000012   Data   RO         1102    .constdata          stm32f1xx_hal_rcc_ex.o
    0x0800573c   0x0800573c   0x00000010   Data   RO         3137    .constdata          system_stm32f1xx.o
    0x0800574c   0x0800574c   0x00000008   Data   RO         3138    .constdata          system_stm32f1xx.o
    0x08005754   0x08005754   0x00000081   Data   RO         5085    .constdata          mc_w.l(ctype_o.o)
    0x080057d5   0x080057d5   0x00000003   PAD
    0x080057d8   0x080057d8   0x00000004   Data   RO         5086    .constdata          mc_w.l(ctype_o.o)
    0x080057dc   0x080057dc   0x00000020   Data   RO         5161    Region$$Table       anon$$obj.o


    Execution Region RW_IRAM1 (Exec base: 0x20000000, Load base: 0x080057fc, Size: 0x00003da0, Max: 0x00005000, ABSOLUTE)

    Exec Addr    Load Addr    Size         Type   Attr      Idx    E Section Name        Object

    0x20000000   0x080057fc   0x0000000c   Data   RW          847    .data               stm32f1xx_hal.o
    0x2000000c   0x08005808   0x00000004   Data   RW         3139    .data               system_stm32f1xx.o
    0x20000010   0x0800580c   0x00000004   Data   RW         3179    .data               port.o
    0x20000014   0x08005810   0x0000001c   Data   RW         3251    .data               heap_4.o
    0x20000030   0x0800582c   0x00000040   Data   RW         3833    .data               tasks.o
    0x20000070   0x0800586c   0x00000014   Data   RW         4166    .data               timers.o
    0x20000084   0x08005880   0x00000010   Data   RW         4298    .data               app_task.o
    0x20000094   0x08005890   0x00000002   Data   RW         4361    .data               com_config.o
    0x20000096   0x08005892   0x00000006   Data   RW         4362    .data               com_config.o
    0x2000009c   0x08005898   0x00000002   Data   RW         4363    .data               com_config.o
    0x2000009e   0x0800589a   0x00000002   PAD
    0x200000a0   0x0800589c   0x0000000c   Data   RW         4625    .data               sl3_rain.o
    0x200000ac   0x080058a8   0x00000004   Data   RW         4747    .data               mc_w.l(strtok.o)
    0x200000b0   0x080058ac   0x00000004   Data   RW         5079    .data               mc_w.l(stdout.o)
    0x200000b4   0x080058b0   0x00000004   Data   RW         5117    .data               mc_w.l(errno.o)
    0x200000b8        -       0x00000014   Zero   RW          268    .bss                rtc.o
    0x200000cc        -       0x00000090   Zero   RW          311    .bss                usart.o
    0x2000015c        -       0x00000048   Zero   RW          478    .bss                stm32f1xx_hal_timebase_tim.o
    0x200001a4   0x080058b4   0x00000004   PAD
    0x200001a8        -       0x00000020   Zero   RW         1553    .bss                stm32f1xx_hal_flash.o
    0x200001c8        -       0x00003000   Zero   RW         3250    .bss                heap_4.o
    0x200031c8        -       0x000002e4   Zero   RW         3832    .bss                tasks.o
    0x200034ac        -       0x00000028   Zero   RW         4165    .bss                timers.o
    0x200034d4        -       0x0000026c   Zero   RW         4292    .bss                app_task.o
    0x20003740        -       0x0000011c   Zero   RW         4293    .bss                app_task.o
    0x2000385c        -       0x00000120   Zero   RW         4294    .bss                app_task.o
    0x2000397c        -       0x00000020   Zero   RW         4359    .bss                com_config.o
    0x2000399c   0x080058b4   0x00000004   PAD
    0x200039a0        -       0x00000400   Zero   RW            1    STACK               startup_stm32f103xb.o


==============================================================================

Image component sizes


      Code (inc. data)   RO Data    RW Data    ZI Data      Debug   Object Name

       720        276          0         16       1192       3508   app_task.o
       618         70          0         10         32       5368   com_config.o
        16          0          0          0          0        573   com_math.o
       222         42          0          0          0       2216   debug.o
       548        112          0          0          0       2386   dnq4v30.o
         0          0          0          0          0      12072   event_groups.o
        60          6          0          0          0        791   gpio.o
       364         22          0         28      12288       7123   heap_4.o
       138          0          0          0          0       3134   list.o
       182          6          0          0          0     467528   main.o
       366         44          0          4          0       8988   port.o
      1472         18          0          0          0      15129   queue.o
       164         22          0          0         20       1539   rtc.o
        98         16          0         12          0       1196   sl3_rain.o
        36          8        236          0       1024        792   startup_stm32f103xb.o
        64         14          0         12          0       4566   stm32f1xx_hal.o
       158         14          0          0          0      28118   stm32f1xx_hal_cortex.o
       222          4          0          0          0       1735   stm32f1xx_hal_dma.o
       392         46          0          0         32       4630   stm32f1xx_hal_flash.o
       240         26          0          0          0       3197   stm32f1xx_hal_flash_ex.o
       514         40          0          0          0       3438   stm32f1xx_hal_gpio.o
        60          8          0          0          0        850   stm32f1xx_hal_msp.o
        12          4          0          0          0        503   stm32f1xx_hal_pwr.o
      1304         94         18          0          0       5653   stm32f1xx_hal_rcc.o
       400         28         18          0          0       2429   stm32f1xx_hal_rcc_ex.o
      1400         12          0          0          0      12504   stm32f1xx_hal_rtc.o
       612         24          0          0          0       7052   stm32f1xx_hal_tim.o
         4          0          0          0          0       1545   stm32f1xx_hal_tim_ex.o
       140         22          0          0         72       1387   stm32f1xx_hal_timebase_tim.o
      1554         10          0          0          0      10788   stm32f1xx_hal_uart.o
        56         12          0          0          0       3848   stm32f1xx_it.o
         2          0         24          4          0       1083   system_stm32f1xx.o
      2704        216          0         64        740      34819   tasks.o
       708         72          0         20         40      10330   timers.o
       316         34          0          0        144       2311   usart.o

    ----------------------------------------------------------------------
     15898       1322        328        172      15592     673129   Object Totals
         0          0         32          0          0          0   (incl. Generated)
        32          0          0          2          8          0   (incl. Padding)

    ----------------------------------------------------------------------

      Code (inc. data)   RO Data    RW Data    ZI Data      Debug   Library Member Name

        42          0          0          0          0         84   atof.o
        28          0          0          0          0         68   _chval.o
        64          0          0          0          0         84   _sgetc.o
       158          0          0          0          0         92   _strtoul.o
        26          0          0          0          0         80   atoi.o
        26          0          0          0          0         80   atol.o
         8          4        133          0          0         68   ctype_o.o
         0          0          0          0          0          0   entry.o
         0          0          0          0          0          0   entry10a.o
         0          0          0          0          0          0   entry11a.o
         4          0          0          0          0          0   entry12b.o
         8          4          0          0          0          0   entry2.o
         4          0          0          0          0          0   entry5.o
         0          0          0          0          0          0   entry7b.o
         0          0          0          0          0          0   entry8b.o
         8          4          0          0          0          0   entry9a.o
        32         16          0          4          0        204   errno.o
        30          0          0          0          0          0   handlers.o
        36          8          0          0          0         68   init.o
        18          0          0          0          0         76   isspace_o.o
         0          0          0          0          0          0   iusefp.o
        30          0          0          0          0         68   llshl.o
        36          0          0          0          0         68   llsshr.o
        32          0          0          0          0         68   llushr.o
        36          0          0          0          0         68   memcpya.o
        36          0          0          0          0        108   memseta.o
      2292         94          0          0          0        620   printfa.o
       878         12          0          0          0        216   scanf_fp.o
         0          0          0          4          0          0   stdout.o
        28          0          0          0          0         76   strcmp.o
        30          0          0          0          0         80   strncmp.o
        24          0          0          0          0         76   strncpy.o
       156         12          0          0          0        120   strtod.o
        68          6          0          4          0         80   strtok.o
       112          0          0          0          0         88   strtol.o
       114          0          0          0          0         92   strtoul.o
        44          0          0          0          0         80   uidiv.o
        98          0          0          0          0         92   uldiv.o
        48          0          0          0          0         68   cdrcmple.o
        56          0          0          0          0         88   d2f.o
       334          0          0          0          0        148   dadd.o
       222          0          0          0          0        100   ddiv.o
       186          0          0          0          0        176   depilogue.o
        48          0          0          0          0         68   dfixul.o
        24          0          0          0          0         76   dfltul.o
       228          0          0          0          0         96   dmul.o
        38          0          0          0          0         68   f2d.o
       176          0          0          0          0        140   fadd.o
       124          0          0          0          0         88   fdiv.o
       110          0          0          0          0        168   fepilogue.o
        50          0          0          0          0         68   ffixi.o

    ----------------------------------------------------------------------
      6162        160        136         12          0       4256   Library Totals
        12          0          3          0          0          0   (incl. Padding)

    ----------------------------------------------------------------------

      Code (inc. data)   RO Data    RW Data    ZI Data      Debug   Library Name

        42          0          0          0          0         84   m_ws.l
      4464        160        133         12          0       2820   mc_w.l
      1644          0          0          0          0       1352   mf_w.l

    ----------------------------------------------------------------------
      6162        160        136         12          0       4256   Library Totals

    ----------------------------------------------------------------------

==============================================================================


      Code (inc. data)   RO Data    RW Data    ZI Data      Debug   

     22060       1482        464        184      15592     666253   Grand Totals
     22060       1482        464        184      15592     666253   ELF Image Totals
     22060       1482        464        184          0          0   ROM Totals

==============================================================================

    Total RO  Size (Code + RO Data)                22524 (  22.00kB)
    Total RW  Size (RW Data + ZI Data)             15776 (  15.41kB)
    Total ROM Size (Code + RO Data + RW Data)      22708 (  22.18kB)

==============================================================================

