<html>
<body>
<pre>
<h1>µVision Build Log</h1>
<h2>Tool Versions:</h2>
IDE-Version: ¦ÌVision V5.36.0.0
Copyright (C) 2021 ARM Ltd and ARM Germany GmbH. All rights reserved.
License Information: c d, cd, LIC=VGXG8-3HNBX-565Q2-9RT4D-55IIJ-1HT6K
 
Tool Versions:
Toolchain:       MDK-ARM Plus  Version: 5.36.0.0
Toolchain Path:  C:\Keil_v5\ARM\ARMCC\Bin
C Compiler:      Armcc.exe V5.06 update 7 (build 960)
Assembler:       Armasm.exe V5.06 update 7 (build 960)
Linker/Locator:  ArmLink.exe V5.06 update 7 (build 960)
Library Manager: ArmAr.exe V5.06 update 7 (build 960)
Hex Converter:   FromElf.exe V5.06 update 7 (build 960)
CPU DLL:         SARMCM3.DLL V5.36.0.0
Dialog DLL:      DCM.DLL V1.17.3.0
Target DLL:      STLink\ST-LINKIII-KEIL_SWO.dll V3.0.9.0
Dialog DLL:      TCM.DLL V1.53.0.0
 
<h2>Project:</h2>
D:\Project\yantai\shuiwen\yantaishuiwen\MDK-ARM\yantaishuiwen.uvprojx
Project File Date:  03/09/2025

<h2>Output:</h2>
*** Using Compiler 'V5.06 update 7 (build 960)', folder: 'C:\Keil_v5\ARM\ARMCC\Bin'
Rebuild target 'yantaishuiwen'
assembling startup_stm32f103xb.s...
compiling usart.c...
compiling stm32f1xx_hal_rtc.c...
compiling stm32f1xx_hal_gpio_ex.c...
compiling stm32f1xx_hal_rcc.c...
compiling stm32f1xx_hal_rcc_ex.c...
compiling stm32f1xx_hal_timebase_tim.c...
compiling stm32f1xx_hal_msp.c...
compiling stm32f1xx_it.c...
compiling gpio.c...
compiling rtc.c...
compiling stm32f1xx_hal_rtc_ex.c...
compiling main.c...
compiling stm32f1xx_hal.c...
compiling stm32f1xx_hal_dma.c...
compiling heap_4.c...
compiling stm32f1xx_hal_pwr.c...
compiling croutine.c...
compiling event_groups.c...
compiling port.c...
compiling list.c...
compiling queue.c...
compiling stream_buffer.c...
compiling timers.c...
compiling tasks.c...
compiling stm32f1xx_hal_flash.c...
compiling system_stm32f1xx.c...
compiling stm32f1xx_hal_flash_ex.c...
compiling stm32f1xx_hal_exti.c...
compiling stm32f1xx_hal_tim_ex.c...
compiling stm32f1xx_hal_uart.c...
compiling stm32f1xx_hal_tim.c...
compiling App_Task.c...
..\User\App_Task.c(237): warning:  #177-D: function "LaserC12Task"  was declared but never referenced
  static void LaserC12Task(void *argument) 
..\User\App_Task.c(257): warning:  #177-D: function "TBQ2485Task"  was declared but never referenced
  static void TBQ2485Task(void *argument) 
..\User\App_Task.c(271): warning:  #177-D: function "ASC200Task"  was declared but never referenced
  static void ASC200Task(void *argument) 
..\User\App_Task.c: 3 warnings, 0 errors
compiling Com_Config.c...
compiling Debug.c...
compiling Com_Math.c...
compiling dnq4v30.c...
..\HardWare\dnq4v30.c(53): warning:  #177-D: variable "crc_cal"  was declared but never referenced
      uint16_t crc_cal, crc_recv;
..\HardWare\dnq4v30.c(53): warning:  #550-D: variable "crc_recv"  was set but never used
      uint16_t crc_cal, crc_recv;
..\HardWare\dnq4v30.c: 2 warnings, 0 errors
compiling LaserC12.c...
..\HardWare\LaserC12.c(89): warning:  #177-D: variable "crc_cal"  was declared but never referenced
      uint16_t crc_cal, crc_recv;
..\HardWare\LaserC12.c(89): warning:  #177-D: variable "crc_recv"  was declared but never referenced
      uint16_t crc_cal, crc_recv;
..\HardWare\LaserC12.c: 2 warnings, 0 errors
compiling tbq2.c...
compiling dsg9.c...
compiling asc200.c...
compiling SL3_rain.c...
compiling stm32f1xx_hal_gpio.c...
compiling stm32f1xx_hal_cortex.c...
linking...
Program Size: Code=22060 RO-data=464 RW-data=184 ZI-data=15592  
FromELF: creating hex file...
"yantaishuiwen\yantaishuiwen.axf" - 0 Error(s), 7 Warning(s).

<h2>Software Packages used:</h2>

Package Vendor: ARM
                http://www.keil.com/pack/ARM.CMSIS.5.8.0.pack
                ARM.CMSIS.5.8.0
                CMSIS (Common Microcontroller Software Interface Standard)
   * Component: CORE Version: 5.5.0

Package Vendor: Keil
                http://www.keil.com/pack/Keil.STM32F1xx_DFP.2.1.0.pack
                Keil.STM32F1xx_DFP.2.1.0
                STMicroelectronics STM32F1 Series Device Support, Drivers and Examples

<h2>Collection of Component include folders:</h2>
  .\RTE\_yantaishuiwen
  C:\Users\28052\AppData\Local\Arm\Packs\ARM\CMSIS\5.8.0\CMSIS\Core\Include
  C:\Users\28052\AppData\Local\Arm\Packs\Keil\STM32F1xx_DFP\2.1.0\Device\Include

<h2>Collection of Component Files used:</h2>

   * Component: ARM::CMSIS:CORE:5.5.0
      Include file:  CMSIS\Core\Include\tz_context.h
Build Time Elapsed:  00:00:43
</pre>
</body>
</html>
